Component: ARM Compiler 5.06 update 1 (build 61) Tool: armlink [4d35a8]

==============================================================================

Section Cross References

    freertos_blinky.o(i.main) refers to chip_15xx.o(i.SystemCoreClockUpdate) for SystemCoreClockUpdate
    freertos_blinky.o(i.main) refers to board.o(i.Board_Init) for Board_Init
    freertos_blinky.o(i.main) refers to board.o(i.Board_LED_Set) for Board_LED_Set
    freertos_blinky.o(i.main) refers to tasks.o(i.xTaskGenericCreate) for xTaskGenericCreate
    freertos_blinky.o(i.main) refers to tasks.o(i.vTaskStartScheduler) for vTaskStartScheduler
    freertos_blinky.o(i.main) refers to freertos_blinky.o(i.vLEDTask1) for vLEDTask1
    freertos_blinky.o(i.main) refers to freertos_blinky.o(i.vLEDTask2) for vLEDTask2
    freertos_blinky.o(i.main) refers to freertos_blinky.o(i.vUARTTask) for vUARTTask
    freertos_blinky.o(i.vLEDTask1) refers to board.o(i.Board_LED_Set) for Board_LED_Set
    freertos_blinky.o(i.vLEDTask1) refers to tasks.o(i.vTaskDelay) for vTaskDelay
    freertos_blinky.o(i.vLEDTask2) refers to board.o(i.Board_LED_Set) for Board_LED_Set
    freertos_blinky.o(i.vLEDTask2) refers to tasks.o(i.vTaskDelay) for vTaskDelay
    freertos_blinky.o(i.vUARTTask) refers to _printf_percent.o(.ARM.Collect$$_printf_percent$$00000000) for _printf_percent
    freertos_blinky.o(i.vUARTTask) refers to _printf_d.o(.ARM.Collect$$_printf_percent$$00000009) for _printf_d
    freertos_blinky.o(i.vUARTTask) refers to _printf_dec.o(.text) for _printf_int_dec
    freertos_blinky.o(i.vUARTTask) refers to noretval__2printf.o(.text) for __2printf
    freertos_blinky.o(i.vUARTTask) refers to tasks.o(i.vTaskDelay) for vTaskDelay
    keil_startup_lpc15xx.o(STACK) refers (Special) to heapauxi.o(.text) for __use_two_region_memory
    keil_startup_lpc15xx.o(HEAP) refers (Special) to heapauxi.o(.text) for __use_two_region_memory
    keil_startup_lpc15xx.o(RESET) refers (Special) to heapauxi.o(.text) for __use_two_region_memory
    keil_startup_lpc15xx.o(RESET) refers to keil_startup_lpc15xx.o(STACK) for __initial_sp
    keil_startup_lpc15xx.o(RESET) refers to keil_startup_lpc15xx.o(.text) for Reset_Handler
    keil_startup_lpc15xx.o(RESET) refers to port.o(.emb_text) for SVC_Handler
    keil_startup_lpc15xx.o(RESET) refers to port.o(i.SysTick_Handler) for SysTick_Handler
    keil_startup_lpc15xx.o(.ARM.__at_0x02FC) refers (Special) to heapauxi.o(.text) for __use_two_region_memory
    keil_startup_lpc15xx.o(.text) refers (Special) to heapauxi.o(.text) for __use_two_region_memory
    keil_startup_lpc15xx.o(.text) refers to sysinit.o(i.SystemInit) for SystemInit
    keil_startup_lpc15xx.o(.text) refers to __main.o(!!!main) for __main
    keil_startup_lpc15xx.o(.text) refers to keil_startup_lpc15xx.o(HEAP) for Heap_Mem
    keil_startup_lpc15xx.o(.text) refers to keil_startup_lpc15xx.o(STACK) for Stack_Mem
    sysinit.o(i.SystemInit) refers to board_sysinit.o(i.Board_SystemInit) for Board_SystemInit
    queue.o(i.prvCopyDataFromQueue) refers to rt_memcpy_v6.o(.text) for __aeabi_memcpy
    queue.o(i.prvCopyDataToQueue) refers to rt_memcpy_v6.o(.text) for __aeabi_memcpy
    queue.o(i.prvCopyDataToQueue) refers to tasks.o(i.xTaskPriorityDisinherit) for xTaskPriorityDisinherit
    queue.o(i.prvUnlockQueue) refers to port.o(i.vPortEnterCritical) for vPortEnterCritical
    queue.o(i.prvUnlockQueue) refers to tasks.o(i.xTaskRemoveFromEventList) for xTaskRemoveFromEventList
    queue.o(i.prvUnlockQueue) refers to tasks.o(i.vTaskMissedYield) for vTaskMissedYield
    queue.o(i.prvUnlockQueue) refers to port.o(i.vPortExitCritical) for vPortExitCritical
    queue.o(i.uxQueueMessagesWaiting) refers to port.o(i.vPortEnterCritical) for vPortEnterCritical
    queue.o(i.uxQueueMessagesWaiting) refers to port.o(i.vPortExitCritical) for vPortExitCritical
    queue.o(i.uxQueueSpacesAvailable) refers to port.o(i.vPortEnterCritical) for vPortEnterCritical
    queue.o(i.uxQueueSpacesAvailable) refers to port.o(i.vPortExitCritical) for vPortExitCritical
    queue.o(i.vQueueAddToRegistry) refers to queue.o(.bss) for .bss
    queue.o(i.vQueueDelete) refers to queue.o(i.vQueueUnregisterQueue) for vQueueUnregisterQueue
    queue.o(i.vQueueDelete) refers to heap_3.o(i.vPortFree) for vPortFree
    queue.o(i.vQueueUnregisterQueue) refers to queue.o(.bss) for .bss
    queue.o(i.xQueueCreateCountingSemaphore) refers to queue.o(i.xQueueGenericCreate) for xQueueGenericCreate
    queue.o(i.xQueueCreateMutex) refers to heap_3.o(i.pvPortMalloc) for pvPortMalloc
    queue.o(i.xQueueCreateMutex) refers to list.o(i.vListInitialise) for vListInitialise
    queue.o(i.xQueueCreateMutex) refers to queue.o(i.xQueueGenericSend) for xQueueGenericSend
    queue.o(i.xQueueGenericCreate) refers to heap_3.o(i.pvPortMalloc) for pvPortMalloc
    queue.o(i.xQueueGenericCreate) refers to queue.o(i.xQueueGenericReset) for xQueueGenericReset
[...]
    Removing sysinit_15xx.o(i.Chip_SystemInit), (4 bytes).
    Removing uart_15xx.o(.rev16_text), (4 bytes).
    Removing uart_15xx.o(.revsh_text), (4 bytes).
    Removing uart_15xx.o(i.Chip_UART_DeInit), (14 bytes).
    Removing uart_15xx.o(i.Chip_UART_IRQRBHandler), (46 bytes).
    Removing uart_15xx.o(i.Chip_UART_RXIntHandlerRB), (30 bytes).
    Removing uart_15xx.o(i.Chip_UART_Read), (28 bytes).
    Removing uart_15xx.o(i.Chip_UART_ReadBlocking), (36 bytes).
    Removing uart_15xx.o(i.Chip_UART_ReadRB), (16 bytes).
    Removing uart_15xx.o(i.Chip_UART_SendRB), (56 bytes).
    Removing uart_15xx.o(i.Chip_UART_SetBaudWithRTC32K), (32 bytes).
    Removing uart_15xx.o(i.Chip_UART_TXIntHandlerRB), (34 bytes).
    Removing ring_buffer.o(i.RingBuffer_Init), (16 bytes).
    Removing ring_buffer.o(i.RingBuffer_Insert), (48 bytes).
    Removing ring_buffer.o(i.RingBuffer_InsertMult), (122 bytes).
    Removing ring_buffer.o(i.RingBuffer_IsEmpty), (16 bytes).
    Removing ring_buffer.o(i.RingBuffer_IsFull), (20 bytes).
    Removing ring_buffer.o(i.RingBuffer_Pop), (48 bytes).
    Removing ring_buffer.o(i.RingBuffer_PopMult), (118 bytes).

158 unused section(s) (total 6352 bytes) removed from the image.

==============================================================================

Image Symbol Table

    Local Symbols

    Symbol Name                              Value     Ov Type        Size  Object(Section)

    RESET                                    0x00000000   Section      252  keil_startup_lpc15xx.o(RESET)
    ../clib/angel/boardlib.s                 0x00000000   Number         0  boardinit3.o ABSOLUTE
    ../clib/angel/boardlib.s                 0x00000000   Number         0  boardshut.o ABSOLUTE
    ../clib/angel/boardlib.s                 0x00000000   Number         0  boardinit2.o ABSOLUTE
    ../clib/angel/boardlib.s                 0x00000000   Number         0  boardinit1.o ABSOLUTE
    ../clib/angel/handlers.s                 0x00000000   Number         0  __scatter_copy.o ABSOLUTE
    ../clib/angel/handlers.s                 0x00000000   Number         0  __scatter_zi.o ABSOLUTE
    ../clib/angel/kernel.s                   0x00000000   Number         0  __rtentry.o ABSOLUTE
    ../clib/angel/kernel.s                   0x00000000   Number         0  __rtentry4.o ABSOLUTE
    ../clib/angel/kernel.s                   0x00000000   Number         0  rtexit.o ABSOLUTE
    ../clib/angel/kernel.s                   0x00000000   Number         0  rtexit2.o ABSOLUTE
    ../clib/angel/kernel.s                   0x00000000   Number         0  __rtentry2.o ABSOLUTE
    ../clib/angel/rt.s                       0x00000000   Number         0  aeabi_ldiv0.o ABSOLUTE
    ../clib/angel/rt.s                       0x00000000   Number         0  aeabi_ldiv0_sigfpe.o ABSOLUTE
    ../clib/angel/rt.s                       0x00000000   Number         0  rt_heap_descriptor.o ABSOLUTE
    ../clib/angel/rt.s                       0x00000000   Number         0  rt_heap_descriptor_intlibspace.o ABSOLUTE
    ../clib/angel/rt.s                       0x00000000   Number         0  rt_div0.o ABSOLUTE
    ../clib/angel/rt.s                       0x00000000   Number         0  rt_raise.o ABSOLUTE
    ../clib/angel/scatter.s                  0x00000000   Number         0  __scatter.o ABSOLUTE
    ../clib/angel/startup.s                  0x00000000   Number         0  __main.o ABSOLUTE
    ../clib/angel/sys.s                      0x00000000   Number         0  sys_stackheap_outer.o ABSOLUTE
    ../clib/angel/sys.s                      0x00000000   Number         0  indicate_semi.o ABSOLUTE
    ../clib/angel/sys.s                      0x00000000   Number         0  mutex_dummy.o ABSOLUTE
    ../clib/angel/sys.s                      0x00000000   Number         0  use_no_semi.o ABSOLUTE
    ../clib/angel/sys.s                      0x00000000   Number         0  libspace.o ABSOLUTE
    ../clib/angel/sysapp.c                   0x00000000   Number         0  sys_command.o ABSOLUTE
    ../clib/angel/sysapp.c                   0x00000000   Number         0  sys_wrch.o ABSOLUTE
    ../clib/armsys.c                         0x00000000   Number         0  _get_argv.o ABSOLUTE
    ../clib/armsys.c                         0x00000000   Number         0  argv_veneer.o ABSOLUTE
    ../clib/armsys.c                         0x00000000   Number         0  argv_veneer.o ABSOLUTE
    ../clib/armsys.c                         0x00000000   Number         0  no_argv.o ABSOLUTE
    ../clib/armsys.c                         0x00000000   Number         0  _get_argv_nomalloc.o ABSOLUTE
    ../clib/heap1.c                          0x00000000   Number         0  h1_alloc_mt.o ABSOLUTE
    ../clib/heap1.c                          0x00000000   Number         0  h1_free_mt.o ABSOLUTE
    ../clib/heap1.c                          0x00000000   Number         0  h1_final_mt.o ABSOLUTE
    ../clib/heap1.c                          0x00000000   Number         0  h1_extend_mt.o ABSOLUTE
    ../clib/heap1.c                          0x00000000   Number         0  h1_final.o ABSOLUTE
    ../clib/heap1.c                          0x00000000   Number         0  h1_init.o ABSOLUTE
    ../clib/heap1.c                          0x00000000   Number         0  h1_extend.o ABSOLUTE
    ../clib/heap1.c                          0x00000000   Number         0  h1_init_mt.o ABSOLUTE
    ../clib/heap1.c                          0x00000000   Number         0  h1_alloc.o ABSOLUTE
    ../clib/heap1.c                          0x00000000   Number         0  h1_free.o ABSOLUTE
    ../clib/heap2.c                          0x00000000   Number         0  fdtree.o ABSOLUTE
    ../clib/heap2.c                          0x00000000   Number         0  heap2.o ABSOLUTE
    ../clib/heap2.c                          0x00000000   Number         0  heap2mt.o ABSOLUTE
    ../clib/heapalloc.c                      0x00000000   Number         0  hguard.o ABSOLUTE
    ../clib/heapalloc.c                      0x00000000   Number         0  init_alloc.o ABSOLUTE
    ../clib/heapalloc.c                      0x00000000   Number         0  maybetermalloc1.o ABSOLUTE
    ../clib/heapalloc.c                      0x00000000   Number         0  hrguard.o ABSOLUTE
    ../clib/heapalloc.c                      0x00000000   Number         0  term_alloc.o ABSOLUTE
    ../clib/heapalloc.c                      0x00000000   Number         0  maybetermalloc2.o ABSOLUTE
    ../clib/heapalloc.c                      0x00000000   Number         0  maybetermalloc2.o ABSOLUTE
    ../clib/heapalloc.c                      0x00000000   Number         0  maybetermalloc1.o ABSOLUTE
    ../clib/heapalloc.c                      0x00000000   Number         0  malloc.o ABSOLUTE
    ../clib/heapalloc.c                      0x00000000   Number         0  free.o ABSOLUTE
    ../clib/heapalloc.c                      0x00000000   Number         0  heapstubs.o ABSOLUTE
    ../clib/heapaux.c                        0x00000000   Number         0  heapauxiu.o ABSOLUTE
    ../clib/heapaux.c                        0x00000000   Number         0  heapauxau.o ABSOLUTE
    ../clib/heapaux.c                        0x00000000   Number         0  heapauxa.o ABSOLUTE
    ../clib/heapaux.c                        0x00000000   Number         0  heapauxi.o ABSOLUTE
    ../clib/libinit.s                        0x00000000   Number         0  libshutdown2.o ABSOLUTE
    ../clib/libinit.s                        0x00000000   Number         0  libinit.o ABSOLUTE
    ../clib/libinit.s                        0x00000000   Number         0  libshutdown.o ABSOLUTE
    ../clib/libinit.s                        0x00000000   Number         0  libinit2.o ABSOLUTE
    ../clib/longlong.s                       0x00000000   Number         0  lludivv7m.o ABSOLUTE
    ../clib/memcpset.s                       0x00000000   Number         0  rt_memclr_w.o ABSOLUTE
    ../clib/memcpset.s                       0x00000000   Number         0  rt_memclr.o ABSOLUTE
    ../clib/memcpset.s                       0x00000000   Number         0  rt_memcpy_w.o ABSOLUTE
    ../clib/memcpset.s                       0x00000000   Number         0  rt_memcpy_v6.o ABSOLUTE
    ../clib/memcpset.s                       0x00000000   Number         0  aeabi_memset.o ABSOLUTE
    ../clib/printf.c                         0x00000000   Number         0  _printf_char_file.o ABSOLUTE
    ../clib/printf.c                         0x00000000   Number         0  _printf_char_common.o ABSOLUTE
    ../clib/printf.c                         0x00000000   Number         0  __2printf.o ABSOLUTE
    ../clib/printf.c                         0x00000000   Number         0  __printf_flags_ss.o ABSOLUTE
    ../clib/printf.c                         0x00000000   Number         0  __printf_wp.o ABSOLUTE
    ../clib/printf.c                         0x00000000   Number         0  noretval__2printf.o ABSOLUTE
    ../clib/printf.c                         0x00000000   Number         0  __printf_ss.o ABSOLUTE
    ../clib/printf.c                         0x00000000   Number         0  __printf_flags_ss_wp.o ABSOLUTE
    ../clib/printf.c                         0x00000000   Number         0  __printf.o ABSOLUTE
    ../clib/printf.c                         0x00000000   Number         0  __printf_ss_wp.o ABSOLUTE
    ../clib/printf.c                         0x00000000   Number         0  __printf_nopercent.o ABSOLUTE
    ../clib/printf.c                         0x00000000   Number         0  _printf_dec.o ABSOLUTE
    ../clib/printf.c                         0x00000000   Number         0  __printf_flags.o ABSOLUTE
    ../clib/printf.c                         0x00000000   Number         0  _printf_intcommon.o ABSOLUTE
    ../clib/printf.c                         0x00000000   Number         0  __printf_flags_wp.o ABSOLUTE
    ../clib/printf_percent.s                 0x00000000   Number         0  _printf_percent_end.o ABSOLUTE
    ../clib/printf_percent.s                 0x00000000   Number         0  _printf_d.o ABSOLUTE
    ../clib/printf_percent.s                 0x00000000   Number         0  _printf_percent.o ABSOLUTE
    ../clib/signal.c                         0x00000000   Number         0  defsig_rtmem_outer.o ABSOLUTE
    ../clib/signal.c                         0x00000000   Number         0  defsig_rtmem_formal.o ABSOLUTE
    ../clib/signal.c                         0x00000000   Number         0  defsig_abrt_inner.o ABSOLUTE
    ../clib/signal.c                         0x00000000   Number         0  defsig_fpe_inner.o ABSOLUTE
    ../clib/signal.c                         0x00000000   Number         0  defsig_general.o ABSOLUTE
    ../clib/signal.c                         0x00000000   Number         0  __raise.o ABSOLUTE
    ../clib/signal.c                         0x00000000   Number         0  defsig_rtred_inner.o ABSOLUTE
    ../clib/signal.c                         0x00000000   Number         0  defsig_stak_inner.o ABSOLUTE
    ../clib/signal.c                         0x00000000   Number         0  defsig_pvfn_inner.o ABSOLUTE
    ../clib/signal.c                         0x00000000   Number         0  defsig_cppl_inner.o ABSOLUTE
    ../clib/signal.c                         0x00000000   Number         0  defsig_segv_inner.o ABSOLUTE
    ../clib/signal.c                         0x00000000   Number         0  defsig_other.o ABSOLUTE
    ../clib/signal.c                         0x00000000   Number         0  defsig_rtmem_inner.o ABSOLUTE
    ../clib/signal.c                         0x00000000   Number         0  defsig_fpe_formal.o ABSOLUTE
    ../clib/signal.c                         0x00000000   Number         0  defsig_fpe_outer.o ABSOLUTE
    ../clib/signal.c                         0x00000000   Number         0  defsig_exit.o ABSOLUTE
    ../clib/signal.s                         0x00000000   Number         0  defsig.o ABSOLUTE
    ../clib/stdlib.c                         0x00000000   Number         0  exit.o ABSOLUTE
    ../fplib/fpinit.s                        0x00000000   Number         0  fpinit.o ABSOLUTE
    ..\chip_common\ring_buffer.c             0x00000000   Number         0  ring_buffer.o ABSOLUTE
    blinky\\freertos_blinky.c                0x00000000   Number         0  freertos_blinky.o ABSOLUTE
    blinky\freertos_blinky.c                 0x00000000   Number         0  freertos_blinky.o ABSOLUTE
    board.c                                  0x00000000   Number         0  board.o ABSOLUTE
    board.c                                  0x00000000   Number         0  board.o ABSOLUTE
    board_sysinit.c                          0x00000000   Number         0  board_sysinit.o ABSOLUTE
    board_sysinit.c                          0x00000000   Number         0  board_sysinit.o ABSOLUTE
    chip_15xx.c                              0x00000000   Number         0  chip_15xx.o ABSOLUTE
    chip_15xx.c                              0x00000000   Number         0  chip_15xx.o ABSOLUTE
    clock_15xx.c                             0x00000000   Number         0  clock_15xx.o ABSOLUTE
    clock_15xx.c                             0x00000000   Number         0  clock_15xx.o ABSOLUTE
    dc.s                                     0x00000000   Number         0  dc.o ABSOLUTE
    gpio_15xx.c                              0x00000000   Number         0  gpio_15xx.o ABSOLUTE
    gpio_15xx.c                              0x00000000   Number         0  gpio_15xx.o ABSOLUTE
    iocon_15xx.c                             0x00000000   Number         0  iocon_15xx.o ABSOLUTE
    iocon_15xx.c                             0x00000000   Number         0  iocon_15xx.o ABSOLUTE
    startup_code\\sysinit.c                  0x00000000   Number         0  sysinit.o ABSOLUTE
    startup_code\keil_startup_lpc15xx.s      0x00000000   Number         0  keil_startup_lpc15xx.o ABSOLUTE
    startup_code\sysinit.c                   0x00000000   Number         0  sysinit.o ABSOLUTE
    sw\\freeRTOS\\Source\\list.c             0x00000000   Number         0  list.o ABSOLUTE
    sw\\freeRTOS\\Source\\portable\\MemMang\\heap_3.c 0x00000000   Number         0  heap_3.o ABSOLUTE
    sw\\freeRTOS\\Source\\portable\\RVDS\\ARM_CM3\\port.c 0x00000000   Number         0  port.o ABSOLUTE
    sw\\freeRTOS\\Source\\queue.c            0x00000000   Number         0  queue.o ABSOLUTE
    sw\\freeRTOS\\Source\\tasks.c            0x00000000   Number         0  tasks.o ABSOLUTE
    sw\\freeRTOS\\Source\\timers.c           0x00000000   Number         0  timers.o ABSOLUTE
    sw\\freeRTOS\\freertoslpc\\FreeRTOSCommonHooks.c 0x00000000   Number         0  freertoscommonhooks.o ABSOLUTE
    sw\freeRTOS\Source\list.c                0x00000000   Number         0  list.o ABSOLUTE
    sw\freeRTOS\Source\portable\MemMang\heap_3.c 0x00000000   Number         0  heap_3.o ABSOLUTE
    sw\freeRTOS\Source\portable\RVDS\ARM_CM3\port.c 0x00000000   Number         0  port.o ABSOLUTE
    sw\freeRTOS\Source\queue.c               0x00000000   Number         0  queue.o ABSOLUTE
    sw\freeRTOS\Source\tasks.c               0x00000000   Number         0  tasks.o ABSOLUTE
    sw\freeRTOS\Source\timers.c              0x00000000   Number         0  timers.o ABSOLUTE
    sw\freeRTOS\freertoslpc\FreeRTOSCommonHooks.c 0x00000000   Number         0  freertoscommonhooks.o ABSOLUTE
    swm_15xx.c                               0x00000000   Number         0  swm_15xx.o ABSOLUTE
    swm_15xx.c                               0x00000000   Number         0  swm_15xx.o ABSOLUTE
    sysctl_15xx.c                            0x00000000   Number         0  sysctl_15xx.o ABSOLUTE
    sysctl_15xx.c                            0x00000000   Number         0  sysctl_15xx.o ABSOLUTE
    sysinit_15xx.c                           0x00000000   Number         0  sysinit_15xx.o ABSOLUTE
    sysinit_15xx.c                           0x00000000   Number         0  sysinit_15xx.o ABSOLUTE
    uart_15xx.c                              0x00000000   Number         0  uart_15xx.o ABSOLUTE
    uart_15xx.c                              0x00000000   Number         0  uart_15xx.o ABSOLUTE
    !!!main                                  0x000000fc   Section        8  __main.o(!!!main)
    !!!scatter                               0x00000104   Section       52  __scatter.o(!!!scatter)
    !!handler_copy                           0x00000138   Section       26  __scatter_copy.o(!!handler_copy)
    !!handler_zi                             0x00000154   Section       28  __scatter_zi.o(!!handler_zi)
    .ARM.Collect$$_printf_percent$$00000000  0x00000170   Section        0  _printf_percent.o(.ARM.Collect$$_printf_percent$$00000000)
    .ARM.Collect$$_printf_percent$$00000009  0x00000170   Section        6  _printf_d.o(.ARM.Collect$$_printf_percent$$00000009)
    .ARM.Collect$$_printf_percent$$00000017  0x00000176   Section        4  _printf_percent_end.o(.ARM.Collect$$_printf_percent$$00000017)
    .ARM.Collect$$libinit$$00000000          0x0000017a   Section        2  libinit.o(.ARM.Collect$$libinit$$00000000)
    .ARM.Collect$$libinit$$00000002          0x0000017c   Section        0  libinit2.o(.ARM.Collect$$libinit$$00000002)
    .ARM.Collect$$libinit$$00000004          0x0000017c   Section        0  libinit2.o(.ARM.Collect$$libinit$$00000004)
    .ARM.Collect$$libinit$$00000005          0x0000017c   Section        8  libinit2.o(.ARM.Collect$$libinit$$00000005)
    .ARM.Collect$$libinit$$0000000A          0x00000184   Section        0  libinit2.o(.ARM.Collect$$libinit$$0000000A)
    .ARM.Collect$$libinit$$0000000C          0x00000184   Section        0  libinit2.o(.ARM.Collect$$libinit$$0000000C)
    .ARM.Collect$$libinit$$0000000E          0x00000184   Section        0  libinit2.o(.ARM.Collect$$libinit$$0000000E)
    .ARM.Collect$$libinit$$00000011          0x00000184   Section        0  libinit2.o(.ARM.Collect$$libinit$$00000011)
    .ARM.Collect$$libinit$$00000013          0x00000184   Section        0  libinit2.o(.ARM.Collect$$libinit$$00000013)
    .ARM.Collect$$libinit$$00000015          0x00000184   Section        0  libinit2.o(.ARM.Collect$$libinit$$00000015)
    .ARM.Collect$$libinit$$00000017          0x00000184   Section        0  libinit2.o(.ARM.Collect$$libinit$$00000017)
    .ARM.Collect$$libinit$$00000019          0x00000184   Section        0  libinit2.o(.ARM.Collect$$libinit$$00000019)
    .ARM.Collect$$libinit$$0000001B          0x00000184   Section        0  libinit2.o(.ARM.Collect$$libinit$$0000001B)
    .ARM.Collect$$libinit$$0000001D          0x00000184   Section        0  libinit2.o(.ARM.Collect$$libinit$$0000001D)
    .ARM.Collect$$libinit$$0000001F          0x00000184   Section        0  libinit2.o(.ARM.Collect$$libinit$$0000001F)
    .ARM.Collect$$libinit$$00000021          0x00000184   Section        0  libinit2.o(.ARM.Collect$$libinit$$00000021)
    .ARM.Collect$$libinit$$00000023          0x00000184   Section        0  libinit2.o(.ARM.Collect$$libinit$$00000023)
    .ARM.Collect$$libinit$$00000025          0x00000184   Section        0  libinit2.o(.ARM.Collect$$libinit$$00000025)
    .ARM.Collect$$libinit$$0000002C          0x00000184   Section        0  libinit2.o(.ARM.Collect$$libinit$$0000002C)
    .ARM.Collect$$libinit$$0000002E          0x00000184   Section        0  libinit2.o(.ARM.Collect$$libinit$$0000002E)
    .ARM.Collect$$libinit$$00000030          0x00000184   Section        0  libinit2.o(.ARM.Collect$$libinit$$00000030)
    .ARM.Collect$$libinit$$00000032          0x00000184   Section        0  libinit2.o(.ARM.Collect$$libinit$$00000032)
    .ARM.Collect$$libinit$$00000033          0x00000184   Section        2  libinit2.o(.ARM.Collect$$libinit$$00000033)
    .ARM.Collect$$libshutdown$$00000000      0x00000186   Section        2  libshutdown.o(.ARM.Collect$$libshutdown$$00000000)
    .ARM.Collect$$libshutdown$$00000002      0x00000188   Section        0  libshutdown2.o(.ARM.Collect$$libshutdown$$00000002)
    .ARM.Collect$$libshutdown$$00000004      0x00000188   Section        0  libshutdown2.o(.ARM.Collect$$libshutdown$$00000004)
    .ARM.Collect$$libshutdown$$00000007      0x00000188   Section        0  libshutdown2.o(.ARM.Collect$$libshutdown$$00000007)
    .ARM.Collect$$libshutdown$$0000000A      0x00000188   Section        0  libshutdown2.o(.ARM.Collect$$libshutdown$$0000000A)
    .ARM.Collect$$libshutdown$$0000000C      0x00000188   Section        0  libshutdown2.o(.ARM.Collect$$libshutdown$$0000000C)
    .ARM.Collect$$libshutdown$$0000000F      0x00000188   Section        0  libshutdown2.o(.ARM.Collect$$libshutdown$$0000000F)
    .ARM.Collect$$libshutdown$$00000010      0x00000188   Section        2  libshutdown2.o(.ARM.Collect$$libshutdown$$00000010)
    .ARM.Collect$$rtentry$$00000000          0x0000018a   Section        0  __rtentry.o(.ARM.Collect$$rtentry$$00000000)
    .ARM.Collect$$rtentry$$00000002          0x0000018a   Section        0  __rtentry2.o(.ARM.Collect$$rtentry$$00000002)
    .ARM.Collect$$rtentry$$00000004          0x0000018a   Section        6  __rtentry4.o(.ARM.Collect$$rtentry$$00000004)
    .ARM.Collect$$rtentry$$00000009          0x00000190   Section        0  __rtentry2.o(.ARM.Collect$$rtentry$$00000009)
    .ARM.Collect$$rtentry$$0000000A          0x00000190   Section        4  __rtentry2.o(.ARM.Collect$$rtentry$$0000000A)
    .ARM.Collect$$rtentry$$0000000C          0x00000194   Section        0  __rtentry2.o(.ARM.Collect$$rtentry$$0000000C)
    .ARM.Collect$$rtentry$$0000000D          0x00000194   Section        8  __rtentry2.o(.ARM.Collect$$rtentry$$0000000D)
    .ARM.Collect$$rtexit$$00000000           0x0000019c   Section        2  rtexit.o(.ARM.Collect$$rtexit$$00000000)
    .ARM.Collect$$rtexit$$00000002           0x0000019e   Section        0  rtexit2.o(.ARM.Collect$$rtexit$$00000002)
    .ARM.Collect$$rtexit$$00000003           0x0000019e   Section        4  rtexit2.o(.ARM.Collect$$rtexit$$00000003)
    .ARM.Collect$$rtexit$$00000004           0x000001a2   Section        6  rtexit2.o(.ARM.Collect$$rtexit$$00000004)
    .emb_text                                0x000001a8   Section      162  port.o(.emb_text)
    .emb_text                                0x0000024c   Section        0  maybetermalloc1.o(.emb_text)
    .text                                    0x0000024c   Section       60  keil_startup_lpc15xx.o(.text)
    .text                                    0x00000288   Section        0  h1_alloc.o(.text)
    .text                                    0x000002e6   Section       16  aeabi_memset.o(.text)
    .text                                    0x000002f6   Section        0  heapauxi.o(.text)
    .ARM.__at_0x02FC                         0x000002fc   Section        4  keil_startup_lpc15xx.o(.ARM.__at_0x02FC)
    .text                                    0x00000300   Section        0  h1_free.o(.text)
    .text                                    0x0000034e   Section      238  lludivv7m.o(.text)
    .text                                    0x0000043c   Section        0  noretval__2printf.o(.text)
    .text                                    0x00000454   Section        0  __printf.o(.text)
    .text                                    0x000004bc   Section        0  _printf_dec.o(.text)
    .text                                    0x00000534   Section        8  rt_heap_descriptor_intlibspace.o(.text)
    .text                                    0x0000053c   Section        0  hguard.o(.text)
    .text                                    0x00000540   Section        0  init_alloc.o(.text)
    .text                                    0x000005ca   Section        0  h1_init.o(.text)
    .text                                    0x000005d8   Section        0  _printf_intcommon.o(.text)
    .text                                    0x0000068c   Section        0  _printf_char_file.o(.text)
    .text                                    0x000006b0   Section       68  rt_memclr.o(.text)
    .text                                    0x000006f4   Section        8  libspace.o(.text)
    .text                                    0x000006fc   Section        0  h1_extend.o(.text)
    .text                                    0x00000730   Section        0  _printf_char_common.o(.text)
    _printf_input_char                       0x00000731   Thumb Code    10  _printf_char_common.o(.text)
    .text                                    0x00000760   Section        0  defsig_rtmem_outer.o(.text)
    .text                                    0x0000076e   Section       78  rt_memclr_w.o(.text)
    .text                                    0x000007bc   Section        0  heapauxiu.o(.text)
    .text                                    0x000007c6   Section        2  use_no_semi.o(.text)
    .text                                    0x000007c8   Section       74  sys_stackheap_outer.o(.text)
    .text                                    0x000007c8   Section        0  indicate_semi.o(.text)
    .text                                    0x00000812   Section        0  exit.o(.text)
    .text                                    0x00000824   Section        0  defsig_exit.o(.text)
    .text                                    0x00000830   Section        0  defsig_rtmem_inner.o(.text)
    .text                                    0x00000880   Section        0  defsig_general.o(.text)
    .text                                    0x000008b2   Section        0  sys_wrch.o(.text)
    i.Board_Debug_Init                       0x000008c0   Section        0  board.o(i.Board_Debug_Init)
    i.Board_Init                             0x00000920   Section        0  board.o(i.Board_Init)
    i.Board_LED_Set                          0x00000968   Section        0  board.o(i.Board_LED_Set)
    i.Board_SetupClocking                    0x0000098c   Section        0  board_sysinit.o(i.Board_SetupClocking)
    i.Board_SetupMuxing                      0x000009c4   Section        0  board_sysinit.o(i.Board_SetupMuxing)
    i.Board_SystemInit                       0x00000a14   Section        0  board_sysinit.o(i.Board_SystemInit)
    i.Board_UARTPutChar                      0x00000a2c   Section        0  board.o(i.Board_UARTPutChar)
    i.Chip_Clock_EnablePeriphClock           0x00000a40   Section        0  clock_15xx.o(i.Chip_Clock_EnablePeriphClock)
    i.Chip_Clock_GetMainClockRate            0x00000a60   Section        0  clock_15xx.o(i.Chip_Clock_GetMainClockRate)
    i.Chip_Clock_GetMain_A_ClockRate         0x00000a78   Section        0  clock_15xx.o(i.Chip_Clock_GetMain_A_ClockRate)
    i.Chip_Clock_GetMain_B_ClockRate         0x00000aac   Section        0  clock_15xx.o(i.Chip_Clock_GetMain_B_ClockRate)
    i.Chip_Clock_GetPLLFreq                  0x00000ae0   Section        0  clock_15xx.o(i.Chip_Clock_GetPLLFreq)
    Chip_Clock_GetPLLFreq                    0x00000ae1   Thumb Code    12  clock_15xx.o(i.Chip_Clock_GetPLLFreq)
    i.Chip_Clock_GetPLLInClockRate           0x00000aec   Section        0  clock_15xx.o(i.Chip_Clock_GetPLLInClockRate)
    Chip_Clock_GetPLLInClockRate             0x00000aed   Thumb Code    24  clock_15xx.o(i.Chip_Clock_GetPLLInClockRate)
    i.Chip_Clock_GetSystemClockRate          0x00000b0c   Section        0  clock_15xx.o(i.Chip_Clock_GetSystemClockRate)
    i.Chip_Clock_GetSystemPLLInClockRate     0x00000b24   Section        0  clock_15xx.o(i.Chip_Clock_GetSystemPLLInClockRate)
    i.Chip_Clock_GetSystemPLLOutClockRate    0x00000b34   Section        0  clock_15xx.o(i.Chip_Clock_GetSystemPLLOutClockRate)
    i.Chip_Clock_GetUARTBaseClockRate        0x00000b50   Section        0  clock_15xx.o(i.Chip_Clock_GetUARTBaseClockRate)
    i.Chip_Clock_SetMainClockSource          0x00000b90   Section        0  clock_15xx.o(i.Chip_Clock_SetMainClockSource)
    i.Chip_Clock_SetUARTBaseClockRate        0x00000bb0   Section        0  clock_15xx.o(i.Chip_Clock_SetUARTBaseClockRate)
    i.Chip_FMC_SetFLASHAccess                0x00000c00   Section        0  sysinit_15xx.o(i.Chip_FMC_SetFLASHAccess)
    Chip_FMC_SetFLASHAccess                  0x00000c01   Thumb Code    24  sysinit_15xx.o(i.Chip_FMC_SetFLASHAccess)
    i.Chip_GPIO_Init                         0x00000c1c   Section        0  gpio_15xx.o(i.Chip_GPIO_Init)
    i.Chip_IOCON_SetPinMuxing                0x00000c48   Section        0  iocon_15xx.o(i.Chip_IOCON_SetPinMuxing)
    i.Chip_SWM_MovablePinAssign              0x00000c6c   Section        0  swm_15xx.o(i.Chip_SWM_MovablePinAssign)
    i.Chip_SWM_MovablePortPinAssign          0x00000c90   Section        0  board.o(i.Chip_SWM_MovablePortPinAssign)
    Chip_SWM_MovablePortPinAssign            0x00000c91   Thumb Code    10  board.o(i.Chip_SWM_MovablePortPinAssign)
    i.Chip_SYSCTL_AssertPeriphReset          0x00000c9c   Section        0  sysctl_15xx.o(i.Chip_SYSCTL_AssertPeriphReset)
    i.Chip_SYSCTL_DeassertPeriphReset        0x00000cc0   Section        0  sysctl_15xx.o(i.Chip_SYSCTL_DeassertPeriphReset)
    i.Chip_SYSCTL_PeriphReset                0x00000ce4   Section        0  uart_15xx.o(i.Chip_SYSCTL_PeriphReset)
    Chip_SYSCTL_PeriphReset                  0x00000ce5   Thumb Code    18  uart_15xx.o(i.Chip_SYSCTL_PeriphReset)
    i.Chip_SYSCTL_PowerDown                  0x00000cf8   Section        0  sysctl_15xx.o(i.Chip_SYSCTL_PowerDown)
    i.Chip_SYSCTL_PowerUp                    0x00000d14   Section        0  sysctl_15xx.o(i.Chip_SYSCTL_PowerUp)
    i.Chip_SetupXtalClocking                 0x00000d30   Section        0  sysinit_15xx.o(i.Chip_SetupXtalClocking)
    i.Chip_UART_Init                         0x00000d90   Section        0  uart_15xx.o(i.Chip_UART_Init)
    i.Chip_UART_Send                         0x00000dc4   Section        0  uart_15xx.o(i.Chip_UART_Send)
    i.Chip_UART_SendBlocking                 0x00000de0   Section        0  uart_15xx.o(i.Chip_UART_SendBlocking)
    i.Chip_UART_SetBaud                      0x00000e04   Section        0  uart_15xx.o(i.Chip_UART_SetBaud)
    i.SysTick_Handler                        0x00000e1c   Section        0  port.o(i.SysTick_Handler)
    i.SystemCoreClockUpdate                  0x00000e40   Section        0  chip_15xx.o(i.SystemCoreClockUpdate)
    i.SystemInit                             0x00000e50   Section        0  sysinit.o(i.SystemInit)
    i.__user_heap_extend                     0x00000e54   Section        0  freertoscommonhooks.o(i.__user_heap_extend)
    __tagsym$$used                           0x00000e55   Number         0  freertoscommonhooks.o(i.__user_heap_extend)
    i._sys_exit                              0x00000e6c   Section        0  board.o(i._sys_exit)
    i.eTaskConfirmSleepModeStatus            0x00000e70   Section        0  tasks.o(i.eTaskConfirmSleepModeStatus)
    i.ferror                                 0x00000ea0   Section        0  board.o(i.ferror)
    i.fputc                                  0x00000ea6   Section        0  board.o(i.fputc)
    i.getUARTClockID                         0x00000eb4   Section        0  uart_15xx.o(i.getUARTClockID)
    getUARTClockID                           0x00000eb5   Thumb Code    24  uart_15xx.o(i.getUARTClockID)
    i.main                                   0x00000ed4   Section        0  freertos_blinky.o(i.main)
    i.prvAddCurrentTaskToDelayedList         0x00000f60   Section        0  tasks.o(i.prvAddCurrentTaskToDelayedList)
    prvAddCurrentTaskToDelayedList           0x00000f61   Thumb Code    48  tasks.o(i.prvAddCurrentTaskToDelayedList)
    i.prvCheckTasksWaitingTermination        0x00000f94   Section        0  tasks.o(i.prvCheckTasksWaitingTermination)
    prvCheckTasksWaitingTermination          0x00000f95   Thumb Code    76  tasks.o(i.prvCheckTasksWaitingTermination)
    i.prvGetExpectedIdleTime                 0x00000fe8   Section        0  tasks.o(i.prvGetExpectedIdleTime)
    prvGetExpectedIdleTime                   0x00000fe9   Thumb Code    28  tasks.o(i.prvGetExpectedIdleTime)
    i.prvIdleTask                            0x0000100c   Section        0  tasks.o(i.prvIdleTask)
    prvIdleTask                              0x0000100d   Thumb Code    52  tasks.o(i.prvIdleTask)
    i.prvResetNextTaskUnblockTime            0x00001044   Section        0  tasks.o(i.prvResetNextTaskUnblockTime)
    prvResetNextTaskUnblockTime              0x00001045   Thumb Code    26  tasks.o(i.prvResetNextTaskUnblockTime)
    i.prvTaskExitError                       0x00001064   Section        0  port.o(i.prvTaskExitError)
    prvTaskExitError                         0x00001065   Thumb Code     6  port.o(i.prvTaskExitError)
    i.pvPortMalloc                           0x0000106a   Section        0  heap_3.o(i.pvPortMalloc)
    i.pxPortInitialiseStack                  0x00001084   Section        0  port.o(i.pxPortInitialiseStack)
    i.uxListRemove                           0x000010a4   Section        0  list.o(i.uxListRemove)
    i.vApplicationIdleHook                   0x000010c8   Section        0  freertoscommonhooks.o(i.vApplicationIdleHook)
    i.vLEDTask1                              0x000010cc   Section        0  freertos_blinky.o(i.vLEDTask1)
    vLEDTask1                                0x000010cd   Thumb Code    22  freertos_blinky.o(i.vLEDTask1)
    i.vLEDTask2                              0x000010e2   Section        0  freertos_blinky.o(i.vLEDTask2)
    vLEDTask2                                0x000010e3   Thumb Code    22  freertos_blinky.o(i.vLEDTask2)
    i.vListInitialise                        0x000010f8   Section        0  list.o(i.vListInitialise)
    i.vListInitialiseItem                    0x0000110e   Section        0  list.o(i.vListInitialiseItem)
    i.vListInsert                            0x00001114   Section        0  list.o(i.vListInsert)
    i.vListInsertEnd                         0x00001144   Section        0  list.o(i.vListInsertEnd)
    i.vPortEnterCritical                     0x0000115c   Section        0  port.o(i.vPortEnterCritical)
    i.vPortExitCritical                      0x00001178   Section        0  port.o(i.vPortExitCritical)
    i.vPortFree                              0x0000118c   Section        0  heap_3.o(i.vPortFree)
    i.vPortSetupTimerInterrupt               0x000011a8   Section        0  port.o(i.vPortSetupTimerInterrupt)
    i.vPortSuppressTicksAndSleep             0x000011ec   Section        0  port.o(i.vPortSuppressTicksAndSleep)
    i.vPortYield                             0x000012b8   Section        0  port.o(i.vPortYield)
    i.vTaskDelay                             0x000012d0   Section        0  tasks.o(i.vTaskDelay)
    i.vTaskStartScheduler                    0x00001318   Section        0  tasks.o(i.vTaskStartScheduler)
    i.vTaskStepTick                          0x00001360   Section        0  tasks.o(i.vTaskStepTick)
    i.vTaskSuspendAll                        0x00001370   Section        0  tasks.o(i.vTaskSuspendAll)
    i.vTaskSwitchContext                     0x00001380   Section        0  tasks.o(i.vTaskSwitchContext)
    i.vUARTTask                              0x000013c4   Section        0  freertos_blinky.o(i.vUARTTask)
    vUARTTask                                0x000013c5   Thumb Code    24  freertos_blinky.o(i.vUARTTask)
    i.xPortStartScheduler                    0x000013e8   Section        0  port.o(i.xPortStartScheduler)
    i.xTaskGenericCreate                     0x00001418   Section        0  tasks.o(i.xTaskGenericCreate)
    i.xTaskIncrementTick                     0x00001584   Section        0  tasks.o(i.xTaskIncrementTick)
    i.xTaskResumeAll                         0x00001638   Section        0  tasks.o(i.xTaskResumeAll)
    .constdata                               0x000016d8   Section        4  board.o(.constdata)
    .constdata                               0x000016dc   Section        4  board.o(.constdata)
    .constdata                               0x000016e0   Section       21  board.o(.constdata)
    ledpins                                  0x000016e0   Data           3  board.o(.constdata)
    ledports                                 0x000016e3   Data           3  board.o(.constdata)
    portButton                               0x000016e6   Data           5  board.o(.constdata)
    pinButton                                0x000016eb   Data           5  board.o(.constdata)
    stateButton                              0x000016f0   Data           5  board.o(.constdata)
    .constdata                               0x000016f8   Section      124  board_sysinit.o(.constdata)
    swmSetup                                 0x000016f8   Data           6  board_sysinit.o(.constdata)
    ioconSetup                               0x00001700   Data         116  board_sysinit.o(.constdata)
    .data                                    0x02000000   Section       56  tasks.o(.data)
    uxTasksDeleted                           0x02000004   Data           4  tasks.o(.data)
    uxCurrentNumberOfTasks                   0x02000008   Data           4  tasks.o(.data)
    xTickCount                               0x0200000c   Data           4  tasks.o(.data)
    uxTopReadyPriority                       0x02000010   Data           4  tasks.o(.data)
    xSchedulerRunning                        0x02000014   Data           4  tasks.o(.data)
    uxPendedTicks                            0x02000018   Data           4  tasks.o(.data)
    xYieldPending                            0x0200001c   Data           4  tasks.o(.data)
    xNumOfOverflows                          0x02000020   Data           4  tasks.o(.data)
    uxTaskNumber                             0x02000024   Data           4  tasks.o(.data)
    xNextTaskUnblockTime                     0x02000028   Data           4  tasks.o(.data)
    uxSchedulerSuspended                     0x0200002c   Data           4  tasks.o(.data)
    pxDelayedTaskList                        0x02000030   Data           4  tasks.o(.data)
    pxOverflowDelayedTaskList                0x02000034   Data           4  tasks.o(.data)
    .data                                    0x02000038   Section       16  port.o(.data)
    uxCriticalNesting                        0x02000038   Data           4  port.o(.data)
    ulTimerCountsForOneTick                  0x0200003c   Data           4  port.o(.data)
    xMaximumPossibleSuppressedTicks          0x02000040   Data           4  port.o(.data)
    ulStoppedTimerCompensation               0x02000044   Data           4  port.o(.data)
    .data                                    0x02000048   Section        4  board.o(.data)
    .data                                    0x0200004c   Section        4  chip_15xx.o(.data)
    .bss                                     0x02000050   Section      260  tasks.o(.bss)
    pxReadyTasksLists                        0x02000050   Data         160  tasks.o(.bss)
    xDelayedTaskList1                        0x020000f0   Data          20  tasks.o(.bss)
    xDelayedTaskList2                        0x02000104   Data          20  tasks.o(.bss)
    xPendingReadyList                        0x02000118   Data          20  tasks.o(.bss)
    xTasksWaitingTermination                 0x0200012c   Data          20  tasks.o(.bss)
    xSuspendedTaskList                       0x02000140   Data          20  tasks.o(.bss)
    .bss                                     0x02000154   Section    24576  freertoscommonhooks.o(.bss)
    extra_heap                               0x02000154   Data       24576  freertoscommonhooks.o(.bss)
    .bss                                     0x02006154   Section       96  libspace.o(.bss)
    HEAP                                     0x020061b8   Section      256  keil_startup_lpc15xx.o(HEAP)
    Heap_Mem                                 0x020061b8   Data         256  keil_startup_lpc15xx.o(HEAP)
    STACK                                    0x020062b8   Section      512  keil_startup_lpc15xx.o(STACK)
    Stack_Mem                                0x020062b8   Data         512  keil_startup_lpc15xx.o(STACK)
    __initial_sp                             0x020064b8   Data           0  keil_startup_lpc15xx.o(STACK)

    Global Symbols

    Symbol Name                              Value     Ov Type        Size  Object(Section)

    BuildAttributes$$THM_ISAv4$P$D$K$B$S$PE$A:L22UL41UL21$X:L11$S22US41US21$IEEE1$IW$USESV6$~STKCKD$USESV7$~SHL$OTIME$ROPI$EBA8$UX$STANDARDLIB$REQ8$PRES8$EABIv2 0x00000000   Number         0  anon$$obj.o ABSOLUTE
    __ARM_use_no_argv                        0x00000000   Number         0  freertos_blinky.o ABSOLUTE
    __Vectors                                0x00000000   Data           4  keil_startup_lpc15xx.o(RESET)
    __ARM_exceptions_init                     - Undefined Weak Reference
    __alloca_initialize                       - Undefined Weak Reference
    __arm_preinit_                            - Undefined Weak Reference
    __cpp_initialize__aeabi_                  - Undefined Weak Reference
    __cxa_finalize                            - Undefined Weak Reference
    __rt_locale                               - Undefined Weak Reference
    __sigvec_lookup                           - Undefined Weak Reference
    __user_heap_extent                        - Undefined Weak Reference
    _atexit_init                              - Undefined Weak Reference
    _call_atexit_fns                          - Undefined Weak Reference
    _clock_init                               - Undefined Weak Reference
    _fp_trap_init                             - Undefined Weak Reference
    _fp_trap_shutdown                         - Undefined Weak Reference
    _get_lc_collate                           - Undefined Weak Reference
    _get_lc_ctype                             - Undefined Weak Reference
    _get_lc_monetary                          - Undefined Weak Reference
    _get_lc_numeric                           - Undefined Weak Reference
    _get_lc_time                              - Undefined Weak Reference
    _getenv_init                              - Undefined Weak Reference
    _handle_redirection                       - Undefined Weak Reference
    _initio                                   - Undefined Weak Reference
    _mutex_acquire                            - Undefined Weak Reference
    _mutex_free                               - Undefined Weak Reference
    _mutex_release                            - Undefined Weak Reference
    _printf_post_padding                      - Undefined Weak Reference
    _printf_pre_padding                       - Undefined Weak Reference
    _printf_truncate_signed                   - Undefined Weak Reference
    _printf_truncate_unsigned                 - Undefined Weak Reference
    _rand_init                                - Undefined Weak Reference
    _signal_finish                            - Undefined Weak Reference
    _signal_init                              - Undefined Weak Reference
    _terminateio                              - Undefined Weak Reference
    __main                                   0x000000fd   Thumb Code     8  __main.o(!!!main)
    __scatterload                            0x00000105   Thumb Code     0  __scatter.o(!!!scatter)
    __scatterload_rt2                        0x00000105   Thumb Code    44  __scatter.o(!!!scatter)
    __scatterload_rt2_thumb_only             0x00000105   Thumb Code     0  __scatter.o(!!!scatter)
    __scatterload_null                       0x00000113   Thumb Code     0  __scatter.o(!!!scatter)
    __scatterload_copy                       0x00000139   Thumb Code    26  __scatter_copy.o(!!handler_copy)
    __scatterload_zeroinit                   0x00000155   Thumb Code    28  __scatter_zi.o(!!handler_zi)
    _printf_d                                0x00000171   Thumb Code     0  _printf_d.o(.ARM.Collect$$_printf_percent$$00000009)
    _printf_percent                          0x00000171   Thumb Code     0  _printf_percent.o(.ARM.Collect$$_printf_percent$$00000000)
    _printf_percent_end                      0x00000177   Thumb Code     0  _printf_percent_end.o(.ARM.Collect$$_printf_percent$$00000017)
    __rt_lib_init                            0x0000017b   Thumb Code     0  libinit.o(.ARM.Collect$$libinit$$00000000)
    __rt_lib_init_fp_1                       0x0000017d   Thumb Code     0  libinit2.o(.ARM.Collect$$libinit$$00000002)
    __rt_lib_init_heap_2                     0x0000017d   Thumb Code     0  libinit2.o(.ARM.Collect$$libinit$$00000005)
    __rt_lib_init_preinit_1                  0x0000017d   Thumb Code     0  libinit2.o(.ARM.Collect$$libinit$$00000004)
    __rt_lib_init_alloca_1                   0x00000185   Thumb Code     0  libinit2.o(.ARM.Collect$$libinit$$0000002E)
    __rt_lib_init_argv_1                     0x00000185   Thumb Code     0  libinit2.o(.ARM.Collect$$libinit$$0000002C)
    __rt_lib_init_atexit_1                   0x00000185   Thumb Code     0  libinit2.o(.ARM.Collect$$libinit$$0000001B)
    __rt_lib_init_clock_1                    0x00000185   Thumb Code     0  libinit2.o(.ARM.Collect$$libinit$$00000021)
    __rt_lib_init_cpp_1                      0x00000185   Thumb Code     0  libinit2.o(.ARM.Collect$$libinit$$00000032)
    __rt_lib_init_exceptions_1               0x00000185   Thumb Code     0  libinit2.o(.ARM.Collect$$libinit$$00000030)
    __rt_lib_init_fp_trap_1                  0x00000185   Thumb Code     0  libinit2.o(.ARM.Collect$$libinit$$0000001F)
    __rt_lib_init_getenv_1                   0x00000185   Thumb Code     0  libinit2.o(.ARM.Collect$$libinit$$00000023)
    __rt_lib_init_heap_1                     0x00000185   Thumb Code     0  libinit2.o(.ARM.Collect$$libinit$$0000000A)
    __rt_lib_init_lc_collate_1               0x00000185   Thumb Code     0  libinit2.o(.ARM.Collect$$libinit$$00000011)
    __rt_lib_init_lc_ctype_1                 0x00000185   Thumb Code     0  libinit2.o(.ARM.Collect$$libinit$$00000013)
    __rt_lib_init_lc_monetary_1              0x00000185   Thumb Code     0  libinit2.o(.ARM.Collect$$libinit$$00000015)
    __rt_lib_init_lc_numeric_1               0x00000185   Thumb Code     0  libinit2.o(.ARM.Collect$$libinit$$00000017)
    __rt_lib_init_lc_time_1                  0x00000185   Thumb Code     0  libinit2.o(.ARM.Collect$$libinit$$00000019)
    __rt_lib_init_rand_1                     0x00000185   Thumb Code     0  libinit2.o(.ARM.Collect$$libinit$$0000000E)
    __rt_lib_init_return                     0x00000185   Thumb Code     0  libinit2.o(.ARM.Collect$$libinit$$00000033)
    __rt_lib_init_signal_1                   0x00000185   Thumb Code     0  libinit2.o(.ARM.Collect$$libinit$$0000001D)
    __rt_lib_init_stdio_1                    0x00000185   Thumb Code     0  libinit2.o(.ARM.Collect$$libinit$$00000025)
    __rt_lib_init_user_alloc_1               0x00000185   Thumb Code     0  libinit2.o(.ARM.Collect$$libinit$$0000000C)
    __rt_lib_shutdown                        0x00000187   Thumb Code     0  libshutdown.o(.ARM.Collect$$libshutdown$$00000000)
    __rt_lib_shutdown_cpp_1                  0x00000189   Thumb Code     0  libshutdown2.o(.ARM.Collect$$libshutdown$$00000002)
    __rt_lib_shutdown_fp_trap_1              0x00000189   Thumb Code     0  libshutdown2.o(.ARM.Collect$$libshutdown$$00000007)
    __rt_lib_shutdown_heap_1                 0x00000189   Thumb Code     0  libshutdown2.o(.ARM.Collect$$libshutdown$$0000000F)
    __rt_lib_shutdown_return                 0x00000189   Thumb Code     0  libshutdown2.o(.ARM.Collect$$libshutdown$$00000010)
    __rt_lib_shutdown_signal_1               0x00000189   Thumb Code     0  libshutdown2.o(.ARM.Collect$$libshutdown$$0000000A)
    __rt_lib_shutdown_stdio_1                0x00000189   Thumb Code     0  libshutdown2.o(.ARM.Collect$$libshutdown$$00000004)
    __rt_lib_shutdown_user_alloc_1           0x00000189   Thumb Code     0  libshutdown2.o(.ARM.Collect$$libshutdown$$0000000C)
    __rt_entry                               0x0000018b   Thumb Code     0  __rtentry.o(.ARM.Collect$$rtentry$$00000000)
    __rt_entry_presh_1                       0x0000018b   Thumb Code     0  __rtentry2.o(.ARM.Collect$$rtentry$$00000002)
    __rt_entry_sh                            0x0000018b   Thumb Code     0  __rtentry4.o(.ARM.Collect$$rtentry$$00000004)
    __rt_entry_li                            0x00000191   Thumb Code     0  __rtentry2.o(.ARM.Collect$$rtentry$$0000000A)
    __rt_entry_postsh_1                      0x00000191   Thumb Code     0  __rtentry2.o(.ARM.Collect$$rtentry$$00000009)
    __rt_entry_main                          0x00000195   Thumb Code     0  __rtentry2.o(.ARM.Collect$$rtentry$$0000000D)
    __rt_entry_postli_1                      0x00000195   Thumb Code     0  __rtentry2.o(.ARM.Collect$$rtentry$$0000000C)
    __rt_exit                                0x0000019d   Thumb Code     0  rtexit.o(.ARM.Collect$$rtexit$$00000000)
    __rt_exit_ls                             0x0000019f   Thumb Code     0  rtexit2.o(.ARM.Collect$$rtexit$$00000003)
    __rt_exit_prels_1                        0x0000019f   Thumb Code     0  rtexit2.o(.ARM.Collect$$rtexit$$00000002)
    __rt_exit_exit                           0x000001a3   Thumb Code     0  rtexit2.o(.ARM.Collect$$rtexit$$00000004)
    SVC_Handler                              0x000001a9   Thumb Code    32  port.o(.emb_text)
    __asm___6_port_c_39a90d8d__prvStartFirstTask 0x000001cd   Thumb Code    28  port.o(.emb_text)
    PendSV_Handler                           0x000001ed   Thumb Code    64  port.o(.emb_text)
    ulPortSetInterruptMask                   0x00000231   Thumb Code    14  port.o(.emb_text)
    vPortClearInterruptMask                  0x0000023f   Thumb Code     6  port.o(.emb_text)
    vPortGetIPSR                             0x00000245   Thumb Code     6  port.o(.emb_text)
    Reset_Handler                            0x0000024d   Thumb Code     8  keil_startup_lpc15xx.o(.text)
    _maybe_terminate_alloc                   0x0000024d   Thumb Code     0  maybetermalloc1.o(.emb_text)
    NMI_Handler                              0x00000255   Thumb Code     2  keil_startup_lpc15xx.o(.text)
    HardFault_Handler                        0x00000257   Thumb Code     2  keil_startup_lpc15xx.o(.text)
    Reserved_IRQHandler                      0x0000025f   Thumb Code     2  keil_startup_lpc15xx.o(.text)
    ACMP0_IRQHandler                         0x00000261   Thumb Code     0  keil_startup_lpc15xx.o(.text)
    ACMP1_IRQHandler                         0x00000261   Thumb Code     0  keil_startup_lpc15xx.o(.text)
    ACMP2_IRQHandler                         0x00000261   Thumb Code     0  keil_startup_lpc15xx.o(.text)
    ACMP3_IRQHandler                         0x00000261   Thumb Code     0  keil_startup_lpc15xx.o(.text)
    ADC0A_IRQHandler                         0x00000261   Thumb Code     0  keil_startup_lpc15xx.o(.text)
    ADC0B_IRQHandler                         0x00000261   Thumb Code     0  keil_startup_lpc15xx.o(.text)
    ADC0_OVR_IRQHandler                      0x00000261   Thumb Code     0  keil_startup_lpc15xx.o(.text)
    ADC0_THCMP_IRQHandler                    0x00000261   Thumb Code     0  keil_startup_lpc15xx.o(.text)
    ADC1A_IRQHandler                         0x00000261   Thumb Code     0  keil_startup_lpc15xx.o(.text)
    ADC1B_IRQHandler                         0x00000261   Thumb Code     0  keil_startup_lpc15xx.o(.text)
    ADC1_OVR_IRQHandler                      0x00000261   Thumb Code     0  keil_startup_lpc15xx.o(.text)
    ADC1_THCMP_IRQHandler                    0x00000261   Thumb Code     0  keil_startup_lpc15xx.o(.text)
    BOD_IRQHandler                           0x00000261   Thumb Code     0  keil_startup_lpc15xx.o(.text)
    CAN_IRQHandler                           0x00000261   Thumb Code     0  keil_startup_lpc15xx.o(.text)
    DAC_IRQHandler                           0x00000261   Thumb Code     0  keil_startup_lpc15xx.o(.text)
    DMA_IRQHandler                           0x00000261   Thumb Code     0  keil_startup_lpc15xx.o(.text)
    EEPROM_IRQHandler                        0x00000261   Thumb Code     0  keil_startup_lpc15xx.o(.text)
    FMC_IRQHandler                           0x00000261   Thumb Code     0  keil_startup_lpc15xx.o(.text)
    GINT0_IRQHandler                         0x00000261   Thumb Code     0  keil_startup_lpc15xx.o(.text)
    GINT1_IRQHandler                         0x00000261   Thumb Code     0  keil_startup_lpc15xx.o(.text)
    I2C0_IRQHandler                          0x00000261   Thumb Code     0  keil_startup_lpc15xx.o(.text)
    MRT_IRQHandler                           0x00000261   Thumb Code     0  keil_startup_lpc15xx.o(.text)
    PIN_INT0_IRQHandler                      0x00000261   Thumb Code     0  keil_startup_lpc15xx.o(.text)
    PIN_INT1_IRQHandler                      0x00000261   Thumb Code     0  keil_startup_lpc15xx.o(.text)
    PIN_INT2_IRQHandler                      0x00000261   Thumb Code     0  keil_startup_lpc15xx.o(.text)
    PIN_INT3_IRQHandler                      0x00000261   Thumb Code     0  keil_startup_lpc15xx.o(.text)
    PIN_INT4_IRQHandler                      0x00000261   Thumb Code     0  keil_startup_lpc15xx.o(.text)
    PIN_INT5_IRQHandler                      0x00000261   Thumb Code     0  keil_startup_lpc15xx.o(.text)
    PIN_INT6_IRQHandler                      0x00000261   Thumb Code     0  keil_startup_lpc15xx.o(.text)
    PIN_INT7_IRQHandler                      0x00000261   Thumb Code     0  keil_startup_lpc15xx.o(.text)
    QEI_IRQHandler                           0x00000261   Thumb Code     0  keil_startup_lpc15xx.o(.text)
    RIT_IRQHandler                           0x00000261   Thumb Code     0  keil_startup_lpc15xx.o(.text)
    RTC_ALARM_IRQHandler                     0x00000261   Thumb Code     0  keil_startup_lpc15xx.o(.text)
    RTC_WAKE_IRQHandler                      0x00000261   Thumb Code     0  keil_startup_lpc15xx.o(.text)
    SCT0_IRQHandler                          0x00000261   Thumb Code     0  keil_startup_lpc15xx.o(.text)
    SCT1_IRQHandler                          0x00000261   Thumb Code     0  keil_startup_lpc15xx.o(.text)
    SCT2_IRQHandler                          0x00000261   Thumb Code     0  keil_startup_lpc15xx.o(.text)
    SCT3_IRQHandler                          0x00000261   Thumb Code     0  keil_startup_lpc15xx.o(.text)
    SPI0_IRQHandler                          0x00000261   Thumb Code     0  keil_startup_lpc15xx.o(.text)
    SPI1_IRQHandler                          0x00000261   Thumb Code     0  keil_startup_lpc15xx.o(.text)
    UART0_IRQHandler                         0x00000261   Thumb Code     0  keil_startup_lpc15xx.o(.text)
    UART1_IRQHandler                         0x00000261   Thumb Code     0  keil_startup_lpc15xx.o(.text)
    UART2_IRQHandler                         0x00000261   Thumb Code     0  keil_startup_lpc15xx.o(.text)
    USBWakeup_IRQHandler                     0x00000261   Thumb Code     0  keil_startup_lpc15xx.o(.text)
    USB_FIQHandler                           0x00000261   Thumb Code     0  keil_startup_lpc15xx.o(.text)
    USB_IRQHandler                           0x00000261   Thumb Code     0  keil_startup_lpc15xx.o(.text)
    WDT_IRQHandler                           0x00000261   Thumb Code     0  keil_startup_lpc15xx.o(.text)
    __user_initial_stackheap                 0x00000265   Thumb Code     0  keil_startup_lpc15xx.o(.text)
    malloc                                   0x00000289   Thumb Code    94  h1_alloc.o(.text)
    __aeabi_memset                           0x000002e7   Thumb Code    16  aeabi_memset.o(.text)
    __use_two_region_memory                  0x000002f7   Thumb Code     2  heapauxi.o(.text)
    __rt_heap_escrow$2region                 0x000002f9   Thumb Code     2  heapauxi.o(.text)
    __rt_heap_expand$2region                 0x000002fb   Thumb Code     2  heapauxi.o(.text)
    free                                     0x00000301   Thumb Code    78  h1_free.o(.text)
    __aeabi_uldivmod                         0x0000034f   Thumb Code     0  lludivv7m.o(.text)
    _ll_udiv                                 0x0000034f   Thumb Code   238  lludivv7m.o(.text)
    __2printf                                0x0000043d   Thumb Code    20  noretval__2printf.o(.text)
    __printf                                 0x00000455   Thumb Code   104  __printf.o(.text)
    _printf_int_dec                          0x000004bd   Thumb Code   104  _printf_dec.o(.text)
    __rt_heap_descriptor                     0x00000535   Thumb Code     8  rt_heap_descriptor_intlibspace.o(.text)
    __use_no_heap                            0x0000053d   Thumb Code     2  hguard.o(.text)
    __heap$guard                             0x0000053f   Thumb Code     2  hguard.o(.text)
    _terminate_user_alloc                    0x00000541   Thumb Code     2  init_alloc.o(.text)
    _init_user_alloc                         0x00000543   Thumb Code     2  init_alloc.o(.text)
    __Heap_Full                              0x00000545   Thumb Code    34  init_alloc.o(.text)
    __Heap_Broken                            0x00000567   Thumb Code     6  init_alloc.o(.text)
    _init_alloc                              0x0000056d   Thumb Code    94  init_alloc.o(.text)
    __Heap_Initialize                        0x000005cb   Thumb Code    10  h1_init.o(.text)
    __Heap_DescSize                          0x000005d5   Thumb Code     4  h1_init.o(.text)
    _printf_int_common                       0x000005d9   Thumb Code   178  _printf_intcommon.o(.text)
    _printf_char_file                        0x0000068d   Thumb Code    32  _printf_char_file.o(.text)
    __aeabi_memclr                           0x000006b1   Thumb Code     0  rt_memclr.o(.text)
    __rt_memclr                              0x000006b1   Thumb Code    68  rt_memclr.o(.text)
    _memset                                  0x000006b5   Thumb Code     0  rt_memclr.o(.text)
    __user_libspace                          0x000006f5   Thumb Code     8  libspace.o(.text)
    __user_perproc_libspace                  0x000006f5   Thumb Code     0  libspace.o(.text)
    __user_perthread_libspace                0x000006f5   Thumb Code     0  libspace.o(.text)
    __Heap_ProvideMemory                     0x000006fd   Thumb Code    52  h1_extend.o(.text)
    _printf_char_common                      0x0000073b   Thumb Code    32  _printf_char_common.o(.text)
    __rt_SIGRTMEM                            0x00000761   Thumb Code    14  defsig_rtmem_outer.o(.text)
    __aeabi_memclr4                          0x0000076f   Thumb Code     0  rt_memclr_w.o(.text)
    __aeabi_memclr8                          0x0000076f   Thumb Code     0  rt_memclr_w.o(.text)
    __rt_memclr_w                            0x0000076f   Thumb Code    78  rt_memclr_w.o(.text)
    _memset_w                                0x00000773   Thumb Code     0  rt_memclr_w.o(.text)
    __rt_heap_escrow                         0x000007bd   Thumb Code     2  heapauxiu.o(.text)
    __rt_heap_expand                         0x000007bf   Thumb Code     8  heapauxiu.o(.text)
    __I$use$semihosting                      0x000007c7   Thumb Code     0  use_no_semi.o(.text)
    __use_no_semihosting_swi                 0x000007c7   Thumb Code     2  use_no_semi.o(.text)
    __semihosting_library_function           0x000007c9   Thumb Code     0  indicate_semi.o(.text)
    __user_setup_stackheap                   0x000007c9   Thumb Code    74  sys_stackheap_outer.o(.text)
    exit                                     0x00000813   Thumb Code    18  exit.o(.text)
    __sig_exit                               0x00000825   Thumb Code    10  defsig_exit.o(.text)
    __rt_SIGRTMEM_inner                      0x00000831   Thumb Code    22  defsig_rtmem_inner.o(.text)
    __default_signal_display                 0x00000881   Thumb Code    50  defsig_general.o(.text)
    _ttywrch                                 0x000008b3   Thumb Code    14  sys_wrch.o(.text)
    Board_Debug_Init                         0x000008c1   Thumb Code    88  board.o(i.Board_Debug_Init)
    Board_Init                               0x00000921   Thumb Code    68  board.o(i.Board_Init)
    Board_LED_Set                            0x00000969   Thumb Code    32  board.o(i.Board_LED_Set)
    Board_SetupClocking                      0x0000098d   Thumb Code    50  board_sysinit.o(i.Board_SetupClocking)
    Board_SetupMuxing                        0x000009c5   Thumb Code    72  board_sysinit.o(i.Board_SetupMuxing)
    Board_SystemInit                         0x00000a15   Thumb Code    20  board_sysinit.o(i.Board_SystemInit)
    Board_UARTPutChar                        0x00000a2d   Thumb Code    14  board.o(i.Board_UARTPutChar)
    Chip_Clock_EnablePeriphClock             0x00000a41   Thumb Code    28  clock_15xx.o(i.Chip_Clock_EnablePeriphClock)
    Chip_Clock_GetMainClockRate              0x00000a61   Thumb Code    20  clock_15xx.o(i.Chip_Clock_GetMainClockRate)
    Chip_Clock_GetMain_A_ClockRate           0x00000a79   Thumb Code    36  clock_15xx.o(i.Chip_Clock_GetMain_A_ClockRate)
    Chip_Clock_GetMain_B_ClockRate           0x00000aad   Thumb Code    44  clock_15xx.o(i.Chip_Clock_GetMain_B_ClockRate)
    Chip_Clock_GetSystemClockRate            0x00000b0d   Thumb Code    18  clock_15xx.o(i.Chip_Clock_GetSystemClockRate)
    Chip_Clock_GetSystemPLLInClockRate       0x00000b25   Thumb Code    10  clock_15xx.o(i.Chip_Clock_GetSystemPLLInClockRate)
    Chip_Clock_GetSystemPLLOutClockRate      0x00000b35   Thumb Code    22  clock_15xx.o(i.Chip_Clock_GetSystemPLLOutClockRate)
    Chip_Clock_GetUARTBaseClockRate          0x00000b51   Thumb Code    60  clock_15xx.o(i.Chip_Clock_GetUARTBaseClockRate)
    Chip_Clock_SetMainClockSource            0x00000b91   Thumb Code    26  clock_15xx.o(i.Chip_Clock_SetMainClockSource)
    Chip_Clock_SetUARTBaseClockRate          0x00000bb1   Thumb Code    76  clock_15xx.o(i.Chip_Clock_SetUARTBaseClockRate)
    Chip_GPIO_Init                           0x00000c1d   Thumb Code    44  gpio_15xx.o(i.Chip_GPIO_Init)
    Chip_IOCON_SetPinMuxing                  0x00000c49   Thumb Code    36  iocon_15xx.o(i.Chip_IOCON_SetPinMuxing)
    Chip_SWM_MovablePinAssign                0x00000c6d   Thumb Code    30  swm_15xx.o(i.Chip_SWM_MovablePinAssign)
    Chip_SYSCTL_AssertPeriphReset            0x00000c9d   Thumb Code    30  sysctl_15xx.o(i.Chip_SYSCTL_AssertPeriphReset)
    Chip_SYSCTL_DeassertPeriphReset          0x00000cc1   Thumb Code    30  sysctl_15xx.o(i.Chip_SYSCTL_DeassertPeriphReset)
    Chip_SYSCTL_PowerDown                    0x00000cf9   Thumb Code    20  sysctl_15xx.o(i.Chip_SYSCTL_PowerDown)
    Chip_SYSCTL_PowerUp                      0x00000d15   Thumb Code    20  sysctl_15xx.o(i.Chip_SYSCTL_PowerUp)
    Chip_SetupXtalClocking                   0x00000d31   Thumb Code    92  sysinit_15xx.o(i.Chip_SetupXtalClocking)
    Chip_UART_Init                           0x00000d91   Thumb Code    42  uart_15xx.o(i.Chip_UART_Init)
    Chip_UART_Send                           0x00000dc5   Thumb Code    28  uart_15xx.o(i.Chip_UART_Send)
    Chip_UART_SendBlocking                   0x00000de1   Thumb Code    36  uart_15xx.o(i.Chip_UART_SendBlocking)
    Chip_UART_SetBaud                        0x00000e05   Thumb Code    22  uart_15xx.o(i.Chip_UART_SetBaud)
    SysTick_Handler                          0x00000e1d   Thumb Code    30  port.o(i.SysTick_Handler)
    SystemCoreClockUpdate                    0x00000e41   Thumb Code    12  chip_15xx.o(i.SystemCoreClockUpdate)
    SystemInit                               0x00000e51   Thumb Code     4  sysinit.o(i.SystemInit)
    __user_heap_extend                       0x00000e55   Thumb Code    18  freertoscommonhooks.o(i.__user_heap_extend)
    _sys_exit                                0x00000e6d   Thumb Code     4  board.o(i._sys_exit)
    eTaskConfirmSleepModeStatus              0x00000e71   Thumb Code    38  tasks.o(i.eTaskConfirmSleepModeStatus)
    ferror                                   0x00000ea1   Thumb Code     6  board.o(i.ferror)
    fputc                                    0x00000ea7   Thumb Code    12  board.o(i.fputc)
    main                                     0x00000ed5   Thumb Code    92  freertos_blinky.o(i.main)
    pvPortMalloc                             0x0000106b   Thumb Code    24  heap_3.o(i.pvPortMalloc)
    pxPortInitialiseStack                    0x00001085   Thumb Code    28  port.o(i.pxPortInitialiseStack)
    uxListRemove                             0x000010a5   Thumb Code    36  list.o(i.uxListRemove)
    vApplicationIdleHook                     0x000010c9   Thumb Code     4  freertoscommonhooks.o(i.vApplicationIdleHook)
    vListInitialise                          0x000010f9   Thumb Code    22  list.o(i.vListInitialise)
    vListInitialiseItem                      0x0000110f   Thumb Code     6  list.o(i.vListInitialiseItem)
    vListInsert                              0x00001115   Thumb Code    48  list.o(i.vListInsert)
    vListInsertEnd                           0x00001145   Thumb Code    24  list.o(i.vListInsertEnd)
    vPortEnterCritical                       0x0000115d   Thumb Code    24  port.o(i.vPortEnterCritical)
    vPortExitCritical                        0x00001179   Thumb Code    16  port.o(i.vPortExitCritical)
    vPortFree                                0x0000118d   Thumb Code    26  heap_3.o(i.vPortFree)
    vPortSetupTimerInterrupt                 0x000011a9   Thumb Code    58  port.o(i.vPortSetupTimerInterrupt)
    vPortSuppressTicksAndSleep               0x000011ed   Thumb Code   200  port.o(i.vPortSuppressTicksAndSleep)
    vPortYield                               0x000012b9   Thumb Code    18  port.o(i.vPortYield)
    vTaskDelay                               0x000012d1   Thumb Code    66  tasks.o(i.vTaskDelay)
    vTaskStartScheduler                      0x00001319   Thumb Code    54  tasks.o(i.vTaskStartScheduler)
    vTaskStepTick                            0x00001361   Thumb Code    10  tasks.o(i.vTaskStepTick)
    vTaskSuspendAll                          0x00001371   Thumb Code    10  tasks.o(i.vTaskSuspendAll)
    vTaskSwitchContext                       0x00001381   Thumb Code    60  tasks.o(i.vTaskSwitchContext)
    xPortStartScheduler                      0x000013e9   Thumb Code    38  port.o(i.xPortStartScheduler)
    xTaskGenericCreate                       0x00001419   Thumb Code   356  tasks.o(i.xTaskGenericCreate)
    xTaskIncrementTick                       0x00001585   Thumb Code   172  tasks.o(i.xTaskIncrementTick)
    xTaskResumeAll                           0x00001639   Thumb Code   150  tasks.o(i.xTaskResumeAll)
    OscRateIn                                0x000016d8   Data           4  board.o(.constdata)
    RTCOscRateIn                             0x000016dc   Data           4  board.o(.constdata)
    Region$$Table$$Base                      0x00001774   Number         0  anon$$obj.o(Region$$Table)
    Region$$Table$$Limit                     0x00001794   Number         0  anon$$obj.o(Region$$Table)
    pxCurrentTCB                             0x02000000   Data           4  tasks.o(.data)
    __stdout                                 0x02000048   Data           4  board.o(.data)
    SystemCoreClock                          0x0200004c   Data           4  chip_15xx.o(.data)
    __libspace_start                         0x02006154   Data          96  libspace.o(.bss)
    __temporary_stack_top$libspace           0x020061b4   Data           0  libspace.o(.bss)



==============================================================================

Memory Map of the image

  Image Entry point : 0x000000fd

  Load Region LR_IROM1 (Base: 0x00000000, Size: 0x000017e4, Max: 0x00040000, ABSOLUTE)

    Execution Region ER_IROM1 (Base: 0x00000000, Size: 0x00001794, Max: 0x00040000, ABSOLUTE)

    Base Addr    Size         Type   Attr      Idx    E Section Name        Object

    0x00000000   0x000000fc   Data   RO          231    RESET               keil_startup_lpc15xx.o
    0x000000fc   0x00000008   Code   RO         2160  * !!!main             c_w.l(__main.o)
    0x00000104   0x00000034   Code   RO         2389    !!!scatter          c_w.l(__scatter.o)
    0x00000138   0x0000001a   Code   RO         2391    !!handler_copy      c_w.l(__scatter_copy.o)
    0x00000152   0x00000002   PAD
    0x00000154   0x0000001c   Code   RO         2393    !!handler_zi        c_w.l(__scatter_zi.o)
    0x00000170   0x00000000   Code   RO         2153    .ARM.Collect$$_printf_percent$$00000000  c_w.l(_printf_percent.o)
    0x00000170   0x00000006   Code   RO         2152    .ARM.Collect$$_printf_percent$$00000009  c_w.l(_printf_d.o)
    0x00000176   0x00000004   Code   RO         2198    .ARM.Collect$$_printf_percent$$00000017  c_w.l(_printf_percent_end.o)
    0x0000017a   0x00000002   Code   RO         2330    .ARM.Collect$$libinit$$00000000  c_w.l(libinit.o)
    0x0000017c   0x00000000   Code   RO         2206    .ARM.Collect$$libinit$$00000002  c_w.l(libinit2.o)
    0x0000017c   0x00000000   Code   RO         2208    .ARM.Collect$$libinit$$00000004  c_w.l(libinit2.o)
    0x0000017c   0x00000008   Code   RO         2209    .ARM.Collect$$libinit$$00000005  c_w.l(libinit2.o)
    0x00000184   0x00000000   Code   RO         2211    .ARM.Collect$$libinit$$0000000A  c_w.l(libinit2.o)
    0x00000184   0x00000000   Code   RO         2213    .ARM.Collect$$libinit$$0000000C  c_w.l(libinit2.o)
    0x00000184   0x00000000   Code   RO         2215    .ARM.Collect$$libinit$$0000000E  c_w.l(libinit2.o)
    0x00000184   0x00000000   Code   RO         2218    .ARM.Collect$$libinit$$00000011  c_w.l(libinit2.o)
    0x00000184   0x00000000   Code   RO         2220    .ARM.Collect$$libinit$$00000013  c_w.l(libinit2.o)
    0x00000184   0x00000000   Code   RO         2222    .ARM.Collect$$libinit$$00000015  c_w.l(libinit2.o)
    0x00000184   0x00000000   Code   RO         2224    .ARM.Collect$$libinit$$00000017  c_w.l(libinit2.o)
    0x00000184   0x00000000   Code   RO         2226    .ARM.Collect$$libinit$$00000019  c_w.l(libinit2.o)
    0x00000184   0x00000000   Code   RO         2228    .ARM.Collect$$libinit$$0000001B  c_w.l(libinit2.o)
    0x00000184   0x00000000   Code   RO         2230    .ARM.Collect$$libinit$$0000001D  c_w.l(libinit2.o)
    0x00000184   0x00000000   Code   RO         2232    .ARM.Collect$$libinit$$0000001F  c_w.l(libinit2.o)
    0x00000184   0x00000000   Code   RO         2234    .ARM.Collect$$libinit$$00000021  c_w.l(libinit2.o)
    0x00000184   0x00000000   Code   RO         2236    .ARM.Collect$$libinit$$00000023  c_w.l(libinit2.o)
    0x00000184   0x00000000   Code   RO         2238    .ARM.Collect$$libinit$$00000025  c_w.l(libinit2.o)
    0x00000184   0x00000000   Code   RO         2242    .ARM.Collect$$libinit$$0000002C  c_w.l(libinit2.o)
    0x00000184   0x00000000   Code   RO         2244    .ARM.Collect$$libinit$$0000002E  c_w.l(libinit2.o)
    0x00000184   0x00000000   Code   RO         2246    .ARM.Collect$$libinit$$00000030  c_w.l(libinit2.o)
    0x00000184   0x00000000   Code   RO         2248    .ARM.Collect$$libinit$$00000032  c_w.l(libinit2.o)
    0x00000184   0x00000002   Code   RO         2249    .ARM.Collect$$libinit$$00000033  c_w.l(libinit2.o)
    0x00000186   0x00000002   Code   RO         2386    .ARM.Collect$$libshutdown$$00000000  c_w.l(libshutdown.o)
    0x00000188   0x00000000   Code   RO         2344    .ARM.Collect$$libshutdown$$00000002  c_w.l(libshutdown2.o)
    0x00000188   0x00000000   Code   RO         2346    .ARM.Collect$$libshutdown$$00000004  c_w.l(libshutdown2.o)
    0x00000188   0x00000000   Code   RO         2349    .ARM.Collect$$libshutdown$$00000007  c_w.l(libshutdown2.o)
    0x00000188   0x00000000   Code   RO         2352    .ARM.Collect$$libshutdown$$0000000A  c_w.l(libshutdown2.o)
    0x00000188   0x00000000   Code   RO         2354    .ARM.Collect$$libshutdown$$0000000C  c_w.l(libshutdown2.o)
    0x00000188   0x00000000   Code   RO         2357    .ARM.Collect$$libshutdown$$0000000F  c_w.l(libshutdown2.o)
    0x00000188   0x00000002   Code   RO         2358    .ARM.Collect$$libshutdown$$00000010  c_w.l(libshutdown2.o)
    0x0000018a   0x00000000   Code   RO         2164    .ARM.Collect$$rtentry$$00000000  c_w.l(__rtentry.o)
    0x0000018a   0x00000000   Code   RO         2256    .ARM.Collect$$rtentry$$00000002  c_w.l(__rtentry2.o)
    0x0000018a   0x00000006   Code   RO         2268    .ARM.Collect$$rtentry$$00000004  c_w.l(__rtentry4.o)
    0x00000190   0x00000000   Code   RO         2258    .ARM.Collect$$rtentry$$00000009  c_w.l(__rtentry2.o)
    0x00000190   0x00000004   Code   RO         2259    .ARM.Collect$$rtentry$$0000000A  c_w.l(__rtentry2.o)
    0x00000194   0x00000000   Code   RO         2261    .ARM.Collect$$rtentry$$0000000C  c_w.l(__rtentry2.o)
    0x00000194   0x00000008   Code   RO         2262    .ARM.Collect$$rtentry$$0000000D  c_w.l(__rtentry2.o)
    0x0000019c   0x00000002   Code   RO         2331    .ARM.Collect$$rtexit$$00000000  c_w.l(rtexit.o)
    0x0000019e   0x00000000   Code   RO         2362    .ARM.Collect$$rtexit$$00000002  c_w.l(rtexit2.o)
    0x0000019e   0x00000004   Code   RO         2363    .ARM.Collect$$rtexit$$00000003  c_w.l(rtexit2.o)
    0x000001a2   0x00000006   Code   RO         2364    .ARM.Collect$$rtexit$$00000004  c_w.l(rtexit2.o)
    0x000001a8   0x000000a2   Code   RO          879    .emb_text           port.o
    0x0000024a   0x00000002   PAD
    0x0000024c   0x00000000   Code   RO         2274    .emb_text           c_w.l(maybetermalloc1.o)
    0x0000024c   0x0000003c   Code   RO          233    .text               keil_startup_lpc15xx.o
    0x00000288   0x0000005e   Code   RO         2064    .text               c_w.l(h1_alloc.o)
    0x000002e6   0x00000010   Code   RO         2156    .text               c_w.l(aeabi_memset.o)
    0x000002f6   0x00000006   Code   RO         2158    .text               c_w.l(heapauxi.o)
    0x000002fc   0x00000004   Code   RO          232    .ARM.__at_0x02FC    keil_startup_lpc15xx.o
    0x00000300   0x0000004e   Code   RO         2066    .text               c_w.l(h1_free.o)
    0x0000034e   0x000000ee   Code   RO         2122    .text               c_w.l(lludivv7m.o)
    0x0000043c   0x00000018   Code   RO         2126    .text               c_w.l(noretval__2printf.o)
    0x00000454   0x00000068   Code   RO         2128    .text               c_w.l(__printf.o)
    0x000004bc   0x00000078   Code   RO         2130    .text               c_w.l(_printf_dec.o)
    0x00000534   0x00000008   Code   RO         2172    .text               c_w.l(rt_heap_descriptor_intlibspace.o)
    0x0000053c   0x00000004   Code   RO         2174    .text               c_w.l(hguard.o)
    0x00000540   0x0000008a   Code   RO         2176    .text               c_w.l(init_alloc.o)
    0x000005ca   0x0000000e   Code   RO         2180    .text               c_w.l(h1_init.o)
    0x000005d8   0x000000b2   Code   RO         2194    .text               c_w.l(_printf_intcommon.o)
    0x0000068a   0x00000002   PAD
    0x0000068c   0x00000024   Code   RO         2196    .text               c_w.l(_printf_char_file.o)
    0x000006b0   0x00000044   Code   RO         2201    .text               c_w.l(rt_memclr.o)
    0x000006f4   0x00000008   Code   RO         2252    .text               c_w.l(libspace.o)
    0x000006fc   0x00000034   Code   RO         2276    .text               c_w.l(h1_extend.o)
    0x00000730   0x00000030   Code   RO         2280    .text               c_w.l(_printf_char_common.o)
    0x00000760   0x0000000e   Code   RO         2282    .text               c_w.l(defsig_rtmem_outer.o)
    0x0000076e   0x0000004e   Code   RO         2286    .text               c_w.l(rt_memclr_w.o)
    0x000007bc   0x0000000a   Code   RO         2294    .text               c_w.l(heapauxiu.o)
    0x000007c6   0x00000002   Code   RO         2300    .text               c_w.l(use_no_semi.o)
    0x000007c8   0x00000000   Code   RO         2302    .text               c_w.l(indicate_semi.o)
    0x000007c8   0x0000004a   Code   RO         2303    .text               c_w.l(sys_stackheap_outer.o)
    0x00000812   0x00000012   Code   RO         2311    .text               c_w.l(exit.o)
    0x00000824   0x0000000a   Code   RO         2313    .text               c_w.l(defsig_exit.o)
    0x0000082e   0x00000002   PAD
    0x00000830   0x00000050   Code   RO         2319    .text               c_w.l(defsig_rtmem_inner.o)
    0x00000880   0x00000032   Code   RO         2339    .text               c_w.l(defsig_general.o)
    0x000008b2   0x0000000e   Code   RO         2359    .text               c_w.l(sys_wrch.o)
    0x000008c0   0x00000060   Code   RO         1022    i.Board_Debug_Init  board_nxp_lpcxpresso_1549.lib(board.o)
    0x00000920   0x00000048   Code   RO         1023    i.Board_Init        board_nxp_lpcxpresso_1549.lib(board.o)
    0x00000968   0x00000024   Code   RO         1025    i.Board_LED_Set     board_nxp_lpcxpresso_1549.lib(board.o)
    0x0000098c   0x00000038   Code   RO         1303    i.Board_SetupClocking  board_nxp_lpcxpresso_1549.lib(board_sysinit.o)
    0x000009c4   0x00000050   Code   RO         1304    i.Board_SetupMuxing  board_nxp_lpcxpresso_1549.lib(board_sysinit.o)
    0x00000a14   0x00000018   Code   RO         1305    i.Board_SystemInit  board_nxp_lpcxpresso_1549.lib(board_sysinit.o)
    0x00000a2c   0x00000014   Code   RO         1029    i.Board_UARTPutChar  board_nxp_lpcxpresso_1549.lib(board.o)
    0x00000a40   0x00000020   Code   RO         1593    i.Chip_Clock_EnablePeriphClock  chip_15xx_lib.lib(clock_15xx.o)
    0x00000a60   0x00000018   Code   RO         1595    i.Chip_Clock_GetMainClockRate  chip_15xx_lib.lib(clock_15xx.o)
    0x00000a78   0x00000034   Code   RO         1597    i.Chip_Clock_GetMain_A_ClockRate  chip_15xx_lib.lib(clock_15xx.o)
    0x00000aac   0x00000034   Code   RO         1598    i.Chip_Clock_GetMain_B_ClockRate  chip_15xx_lib.lib(clock_15xx.o)
    0x00000ae0   0x0000000c   Code   RO         1599    i.Chip_Clock_GetPLLFreq  chip_15xx_lib.lib(clock_15xx.o)
    0x00000aec   0x00000020   Code   RO         1600    i.Chip_Clock_GetPLLInClockRate  chip_15xx_lib.lib(clock_15xx.o)
    0x00000b0c   0x00000018   Code   RO         1604    i.Chip_Clock_GetSystemClockRate  chip_15xx_lib.lib(clock_15xx.o)
    0x00000b24   0x00000010   Code   RO         1605    i.Chip_Clock_GetSystemPLLInClockRate  chip_15xx_lib.lib(clock_15xx.o)
    0x00000b34   0x0000001c   Code   RO         1606    i.Chip_Clock_GetSystemPLLOutClockRate  chip_15xx_lib.lib(clock_15xx.o)
    0x00000b50   0x00000040   Code   RO         1607    i.Chip_Clock_GetUARTBaseClockRate  chip_15xx_lib.lib(clock_15xx.o)
    0x00000b90   0x00000020   Code   RO         1611    i.Chip_Clock_SetMainClockSource  chip_15xx_lib.lib(clock_15xx.o)
    0x00000bb0   0x00000050   Code   RO         1613    i.Chip_Clock_SetUARTBaseClockRate  chip_15xx_lib.lib(clock_15xx.o)
    0x00000c00   0x0000001c   Code   RO         1854    i.Chip_FMC_SetFLASHAccess  chip_15xx_lib.lib(sysinit_15xx.o)
    0x00000c1c   0x0000002c   Code   RO         1736    i.Chip_GPIO_Init    chip_15xx_lib.lib(gpio_15xx.o)
    0x00000c48   0x00000024   Code   RO         1788    i.Chip_IOCON_SetPinMuxing  chip_15xx_lib.lib(iocon_15xx.o)
    0x00000c6c   0x00000024   Code   RO         1815    i.Chip_SWM_MovablePinAssign  chip_15xx_lib.lib(swm_15xx.o)
    0x00000c90   0x0000000a   Code   RO         1032    i.Chip_SWM_MovablePortPinAssign  board_nxp_lpcxpresso_1549.lib(board.o)
    0x00000c9a   0x00000002   PAD
    0x00000c9c   0x00000024   Code   RO         1532    i.Chip_SYSCTL_AssertPeriphReset  chip_15xx_lib.lib(sysctl_15xx.o)
    0x00000cc0   0x00000024   Code   RO         1533    i.Chip_SYSCTL_DeassertPeriphReset  chip_15xx_lib.lib(sysctl_15xx.o)
    0x00000ce4   0x00000012   Code   RO         1897    i.Chip_SYSCTL_PeriphReset  chip_15xx_lib.lib(uart_15xx.o)
    0x00000cf6   0x00000002   PAD
    0x00000cf8   0x0000001c   Code   RO         1535    i.Chip_SYSCTL_PowerDown  chip_15xx_lib.lib(sysctl_15xx.o)
    0x00000d14   0x0000001c   Code   RO         1536    i.Chip_SYSCTL_PowerUp  chip_15xx_lib.lib(sysctl_15xx.o)
    0x00000d30   0x00000060   Code   RO         1856    i.Chip_SetupXtalClocking  chip_15xx_lib.lib(sysinit_15xx.o)
    0x00000d90   0x00000034   Code   RO         1900    i.Chip_UART_Init    chip_15xx_lib.lib(uart_15xx.o)
    0x00000dc4   0x0000001c   Code   RO         1905    i.Chip_UART_Send    chip_15xx_lib.lib(uart_15xx.o)
    0x00000de0   0x00000024   Code   RO         1906    i.Chip_UART_SendBlocking  chip_15xx_lib.lib(uart_15xx.o)
    0x00000e04   0x00000016   Code   RO         1908    i.Chip_UART_SetBaud  chip_15xx_lib.lib(uart_15xx.o)
    0x00000e1a   0x00000002   PAD
    0x00000e1c   0x00000024   Code   RO          880    i.SysTick_Handler   port.o
    0x00000e40   0x00000010   Code   RO         1360    i.SystemCoreClockUpdate  chip_15xx_lib.lib(chip_15xx.o)
    0x00000e50   0x00000004   Code   RO          241    i.SystemInit        sysinit.o
    0x00000e54   0x00000018   Code   RO          968    i.__user_heap_extend  freertoscommonhooks.o
    0x00000e6c   0x00000004   Code   RO         1034    i._sys_exit         board_nxp_lpcxpresso_1549.lib(board.o)
    0x00000e70   0x00000030   Code   RO          535    i.eTaskConfirmSleepModeStatus  tasks.o
    0x00000ea0   0x00000006   Code   RO         1036    i.ferror            board_nxp_lpcxpresso_1549.lib(board.o)
    0x00000ea6   0x0000000c   Code   RO         1038    i.fputc             board_nxp_lpcxpresso_1549.lib(board.o)
    0x00000eb2   0x00000002   PAD
    0x00000eb4   0x00000020   Code   RO         1911    i.getUARTClockID    chip_15xx_lib.lib(uart_15xx.o)
    0x00000ed4   0x0000008c   Code   RO            3    i.main              freertos_blinky.o
    0x00000f60   0x00000034   Code   RO          536    i.prvAddCurrentTaskToDelayedList  tasks.o
    0x00000f94   0x00000054   Code   RO          537    i.prvCheckTasksWaitingTermination  tasks.o
    0x00000fe8   0x00000024   Code   RO          538    i.prvGetExpectedIdleTime  tasks.o
    0x0000100c   0x00000038   Code   RO          539    i.prvIdleTask       tasks.o
    0x00001044   0x00000020   Code   RO          541    i.prvResetNextTaskUnblockTime  tasks.o
    0x00001064   0x00000006   Code   RO          881    i.prvTaskExitError  port.o
    0x0000106a   0x00000018   Code   RO          853    i.pvPortMalloc      heap_3.o
    0x00001082   0x00000002   PAD
    0x00001084   0x00000020   Code   RO          882    i.pxPortInitialiseStack  port.o
    0x000010a4   0x00000024   Code   RO          318    i.uxListRemove      list.o
    0x000010c8   0x00000004   Code   RO          969    i.vApplicationIdleHook  freertoscommonhooks.o
    0x000010cc   0x00000016   Code   RO            4    i.vLEDTask1         freertos_blinky.o
    0x000010e2   0x00000016   Code   RO            5    i.vLEDTask2         freertos_blinky.o
    0x000010f8   0x00000016   Code   RO          319    i.vListInitialise   list.o
    0x0000110e   0x00000006   Code   RO          320    i.vListInitialiseItem  list.o
    0x00001114   0x00000030   Code   RO          321    i.vListInsert       list.o
    0x00001144   0x00000018   Code   RO          322    i.vListInsertEnd    list.o
    0x0000115c   0x0000001c   Code   RO          884    i.vPortEnterCritical  port.o
    0x00001178   0x00000014   Code   RO          885    i.vPortExitCritical  port.o
    0x0000118c   0x0000001a   Code   RO          854    i.vPortFree         heap_3.o
    0x000011a6   0x00000002   PAD
    0x000011a8   0x00000044   Code   RO          886    i.vPortSetupTimerInterrupt  port.o
    0x000011ec   0x000000cc   Code   RO          887    i.vPortSuppressTicksAndSleep  port.o
    0x000012b8   0x00000018   Code   RO          888    i.vPortYield        port.o
    0x000012d0   0x00000048   Code   RO          553    i.vTaskDelay        tasks.o
    0x00001318   0x00000048   Code   RO          566    i.vTaskStartScheduler  tasks.o
    0x00001360   0x00000010   Code   RO          567    i.vTaskStepTick     tasks.o
    0x00001370   0x00000010   Code   RO          569    i.vTaskSuspendAll   tasks.o
    0x00001380   0x00000044   Code   RO          570    i.vTaskSwitchContext  tasks.o
    0x000013c4   0x00000024   Code   RO            6    i.vUARTTask         freertos_blinky.o
    0x000013e8   0x00000030   Code   RO          889    i.xPortStartScheduler  port.o
    0x00001418   0x0000016c   Code   RO          572    i.xTaskGenericCreate  tasks.o
    0x00001584   0x000000b4   Code   RO          578    i.xTaskIncrementTick  tasks.o
    0x00001638   0x000000a0   Code   RO          584    i.xTaskResumeAll    tasks.o
    0x000016d8   0x00000004   Data   RO         1039    .constdata          board_nxp_lpcxpresso_1549.lib(board.o)
    0x000016dc   0x00000004   Data   RO         1040    .constdata          board_nxp_lpcxpresso_1549.lib(board.o)
    0x000016e0   0x00000015   Data   RO         1041    .constdata          board_nxp_lpcxpresso_1549.lib(board.o)
    0x000016f5   0x00000003   PAD
    0x000016f8   0x0000007c   Data   RO         1306    .constdata          board_nxp_lpcxpresso_1549.lib(board_sysinit.o)
    0x00001774   0x00000020   Data   RO         2387    Region$$Table       anon$$obj.o


    Execution Region RW_IRAM1 (Base: 0x02000000, Size: 0x000064b8, Max: 0x00009000, ABSOLUTE)

    Base Addr    Size         Type   Attr      Idx    E Section Name        Object

    0x02000000   0x00000038   Data   RW          587    .data               tasks.o
    0x02000038   0x00000010   Data   RW          890    .data               port.o
    0x02000048   0x00000004   Data   RW         1042    .data               board_nxp_lpcxpresso_1549.lib(board.o)
    0x0200004c   0x00000004   Data   RW         1361    .data               chip_15xx_lib.lib(chip_15xx.o)
    0x02000050   0x00000104   Zero   RW          586    .bss                tasks.o
    0x02000154   0x00006000   Zero   RW          973    .bss                freertoscommonhooks.o
    0x02006154   0x00000060   Zero   RW         2253    .bss                c_w.l(libspace.o)
    0x020061b4   0x00000004   PAD
    0x020061b8   0x00000100   Zero   RW          230    HEAP                keil_startup_lpc15xx.o
    0x020062b8   0x00000200   Zero   RW          229    STACK               keil_startup_lpc15xx.o


==============================================================================

Image component sizes


      Code (inc. data)   RO Data    RW Data    ZI Data      Debug   Object Name

       220         60          0          0          0      16479   freertos_blinky.o
        28          6          0          0      24576       1772   freertoscommonhooks.o
        50          0          0          0          0       1099   heap_3.o
        64         32        252          0        768        832   keil_startup_lpc15xx.o
       136          0          0          0          0       2822   list.o
       628         60          0         16          0       7596   port.o
         4          0          0          0          0        369   sysinit.o
      1256        110          0         56        260      12711   tasks.o
         0          0          0          0          0       1452   timers.o

    ----------------------------------------------------------------------
      2392        268        284         72      25604      45132   Object Totals
         0          0         32          0          0          0   (incl. Generated)
         6          0          0          0          0          0   (incl. Padding)

    ----------------------------------------------------------------------

      Code (inc. data)   RO Data    RW Data    ZI Data      Debug   Library Member Name

       256         22         29          4          0      16684   board.o
       160         18        124          0          0      15321   board_sysinit.o
         8          0          0          0          0         68   __main.o
       104          0          0          0          0         84   __printf.o
         0          0          0          0          0          0   __rtentry.o
        12          0          0          0          0          0   __rtentry2.o
         6          0          0          0          0          0   __rtentry4.o
        52          8          0          0          0          0   __scatter.o
        26          0          0          0          0          0   __scatter_copy.o
        28          0          0          0          0          0   __scatter_zi.o
        48          6          0          0          0         96   _printf_char_common.o
        36          4          0          0          0         80   _printf_char_file.o
         6          0          0          0          0          0   _printf_d.o
       120         16          0          0          0         92   _printf_dec.o
       178          0          0          0          0         88   _printf_intcommon.o
         0          0          0          0          0          0   _printf_percent.o
         4          0          0          0          0          0   _printf_percent_end.o
        16          0          0          0          0         68   aeabi_memset.o
        10          0          0          0          0         68   defsig_exit.o
        50          0          0          0          0         88   defsig_general.o
        80         58          0          0          0         76   defsig_rtmem_inner.o
        14          0          0          0          0         80   defsig_rtmem_outer.o
        18          0          0          0          0         80   exit.o
        94          0          0          0          0         80   h1_alloc.o
        52          0          0          0          0         68   h1_extend.o
        78          0          0          0          0         80   h1_free.o
        14          0          0          0          0         84   h1_init.o
         6          0          0          0          0        152   heapauxi.o
        10          0          0          0          0         92   heapauxiu.o
         4          0          0          0          0        136   hguard.o
         0          0          0          0          0          0   indicate_semi.o
       138          0          0          0          0        168   init_alloc.o
         2          0          0          0          0          0   libinit.o
        10          0          0          0          0          0   libinit2.o
         2          0          0          0          0          0   libshutdown.o
         2          0          0          0          0          0   libshutdown2.o
         8          4          0          0         96         68   libspace.o
       238          0          0          0          0        100   lludivv7m.o
         0          0          0          0          0          0   maybetermalloc1.o
        24          4          0          0          0         84   noretval__2printf.o
         8          4          0          0          0         68   rt_heap_descriptor_intlibspace.o
        68          0          0          0          0         68   rt_memclr.o
        78          0          0          0          0         80   rt_memclr_w.o
         2          0          0          0          0          0   rtexit.o
        10          0          0          0          0          0   rtexit2.o
        74          0          0          0          0         80   sys_stackheap_outer.o
        14          0          0          0          0         76   sys_wrch.o
         2          0          0          0          0         68   use_no_semi.o
        16          4          0          4          0      10898   chip_15xx.o
       448         72          0          0          0      11906   clock_15xx.o
        44          0          0          0          0       2837   gpio_15xx.o
        36          0          0          0          0       2114   iocon_15xx.o
        36          6          0          0          0        576   swm_15xx.o
       128         28          0          0          0       8948   sysctl_15xx.o
       124          8          0          0          0      12445   sysinit_15xx.o
       188         18          0          0          0      11820   uart_15xx.o

    ----------------------------------------------------------------------
      3204        280        156          8        100      96069   Library Totals
        14          0          3          0          4          0   (incl. Padding)

    ----------------------------------------------------------------------

      Code (inc. data)   RO Data    RW Data    ZI Data      Debug   Library Name

       416         40        153          4          0      32005   board_nxp_lpcxpresso_1549.lib
      1754        104          0          0         96       2520   c_w.l
      1020        136          0          4          0      61544   chip_15xx_lib.lib

    ----------------------------------------------------------------------
      3204        280        156          8        100      96069   Library Totals

    ----------------------------------------------------------------------

==============================================================================


      Code (inc. data)   RO Data    RW Data    ZI Data      Debug   

      5596        548        440         80      25704     136101   Grand Totals
      5596        548        440         80      25704     136101   ELF Image Totals
      5596        548        440         80          0          0   ROM Totals

==============================================================================

    Total RO  Size (Code + RO Data)                 6036 (   5.89kB)
    Total RW  Size (RW Data + ZI Data)             25784 (  25.18kB)
    Total ROM Size (Code + RO Data + RW Data)       6116 (   5.97kB)

==============================================================================

